BEANBOARD                       = $0000 ; const, local, , beanzee, , beanzee.asm:5
CMD_BUFFER                      = $F010 ; const, local, , beanzee, , asm/main.inc:6
DEBOUNCE_DELAY                  = $00F0 ; const, local, , beanzee, , asm/keyscan.asm:1
ESC_B                           = $0008 ; const, local, , beanzee, , asm/escapestring.inc:5
ESC_E                           = $001B ; const, local, , beanzee, , asm/escapestring.inc:9
ESC_N                           = $000A ; const, local, , beanzee, , asm/escapestring.inc:7
ESC_R                           = $000D ; const, local, , beanzee, , asm/escapestring.inc:8
ESC_T                           = $0009 ; const, local, , beanzee, , asm/escapestring.inc:6
KEYSCAN_BUFFER                  = $F000 ; const, local, , beanzee, , asm/main.inc:4
KEYSCAN_IN                      = $0003 ; const, local, , beanzee, , asm/main.inc:13
KEYSCAN_OUT                     = $0002 ; const, local, , beanzee, , asm/main.inc:12
LCD_BLINK_ON                    = $0001 ; const, local, , beanzee, , asm/HD44780LCD.inc:22
LCD_CLEAR_DISPLAY               = $0001 ; const, local, , beanzee, , asm/HD44780LCD.inc:2
LCD_COMMAND_0                   = $0038 ; const, local, , beanzee, , asm/HD44780LCD.asm:1
LCD_COMMAND_1                   = $000F ; const, local, , beanzee, , asm/HD44780LCD.asm:2
LCD_CTRL                        = $0004 ; const, local, , beanzee, , asm/main.inc:14
LCD_CURSOR_ON                   = $0002 ; const, local, , beanzee, , asm/HD44780LCD.inc:20
LCD_DATA                        = $0005 ; const, local, , beanzee, , asm/main.inc:15
LCD_DATA_LEN_8                  = $0010 ; const, local, , beanzee, , asm/HD44780LCD.inc:32
LCD_DISPLAY_ON                  = $0004 ; const, local, , beanzee, , asm/HD44780LCD.inc:18
LCD_DISPLAY_ON_OFF_CONTROL      = $0008 ; const, local, , beanzee, , asm/HD44780LCD.inc:5
LCD_DISP_LINES_2                = $0008 ; const, local, , beanzee, , asm/HD44780LCD.inc:34
LCD_EOL_0                       = $0013 ; const, local, , beanzee, , asm/HD44780LCD.inc:48
LCD_EOL_1                       = $0053 ; const, local, , beanzee, , asm/HD44780LCD.inc:49
LCD_EOL_2                       = $0027 ; const, local, , beanzee, , asm/HD44780LCD.inc:50
LCD_EOL_3                       = $0067 ; const, local, , beanzee, , asm/HD44780LCD.inc:51
LCD_FONT_8                      = $0000 ; const, local, , beanzee, , asm/HD44780LCD.inc:37
LCD_FUNCTION_SET                = $0020 ; const, local, , beanzee, , asm/HD44780LCD.inc:7
LCD_LINE_0_ADDR                 = $0000 ; const, local, , beanzee, , asm/HD44780LCD.inc:44
LCD_LINE_1_ADDR                 = $0040 ; const, local, , beanzee, , asm/HD44780LCD.inc:45
LCD_LINE_2_ADDR                 = $0014 ; const, local, , beanzee, , asm/HD44780LCD.inc:46
LCD_LINE_3_ADDR                 = $0054 ; const, local, , beanzee, , asm/HD44780LCD.inc:47
LCD_LINE_LEN                    = $0014 ; const, local, , beanzee, , asm/HD44780LCD.inc:39
LCD_NUM_LINES                   = $0004 ; const, local, , beanzee, , asm/HD44780LCD.inc:40
LCD_SET_DDRAM_ADDR              = $0080 ; const, local, , beanzee, , asm/HD44780LCD.inc:9
MOD_KEY_SHIFT                   = $0001 ; const, local, , beanzee, , asm/keyscan.asm:3
PROMPT                          = $00A0 ; addr, local, , beanzee, , asm/marvin.asm:20
QUOTE                           = $0027 ; const, local, , beanzee, , asm/escapestring.inc:11
QWERTY_ALT                      = $0000 ; const, local, , beanzee, , asm/keyscan.asm:163
QWERTY_CAPS                     = $0005 ; const, local, , beanzee, , asm/keyscan.asm:169
QWERTY_CMD                      = $0000 ; const, local, , beanzee, , asm/keyscan.asm:164
QWERTY_CTRL                     = $0000 ; const, local, , beanzee, , asm/keyscan.asm:162
QWERTY_CURS_DOWN                = $0002 ; const, local, , beanzee, , asm/keyscan.asm:166
QWERTY_CURS_LEFT                = $0003 ; const, local, , beanzee, , asm/keyscan.asm:167
QWERTY_CURS_RIGHT               = $0004 ; const, local, , beanzee, , asm/keyscan.asm:168
QWERTY_CURS_UP                  = $0001 ; const, local, , beanzee, , asm/keyscan.asm:165
QWERTY_FN                       = $0000 ; const, local, , beanzee, , asm/keyscan.asm:161
QWERTY_KEYMAP_L                 = $03A5 ; addr, local, , beanzee, , asm/keyscan.asm:171
QWERTY_KEYMAP_U                 = $03E5 ; addr, local, , beanzee, , asm/keyscan.asm:176
QWERTY_SHIFT                    = $0000 ; const, local, , beanzee, , asm/keyscan.asm:160
RAMSTART                        = $8000 ; const, local, , beanzee, , asm/main.inc:2
SLASH                           = $005C ; const, local, , beanzee, , asm/escapestring.inc:10
STACK                           = $FFFF ; const, local, , beanzee, , asm/main.inc:8
START                           = $0090 ; addr, local, , beanzee, , asm/marvin.asm:11
UM245R_CTRL                     = $0000 ; const, local, , beanzee, , asm/main.inc:10
UM245R_DATA                     = $0001 ; const, local, , beanzee, , asm/main.inc:11
__head                          = $0000 ; const, public, def, , ,
__size                          = $04C5 ; const, public, def, , ,
__tail                          = $04C5 ; const, public, def, , ,
_cmd_exec_df                    = $015E ; addr, local, , beanzee, , asm/marvin.asm:211
_cmd_execute                    = $014D ; addr, local, , beanzee, , asm/marvin.asm:192
_cmd_load                       = $0162 ; addr, local, , beanzee, , asm/marvin.asm:219
_cmd_load_data                  = $0181 ; addr, local, , beanzee, , asm/marvin.asm:247
_cmd_load_end                   = $018E ; addr, local, , beanzee, , asm/marvin.asm:266
_cmd_read                       = $00F2 ; addr, local, , beanzee, , asm/marvin.asm:99
_cmd_read_byte                  = $0113 ; addr, local, , beanzee, , asm/marvin.asm:128
_cmd_read_row                   = $00FF ; addr, local, , beanzee, , asm/marvin.asm:114
_cmd_write                      = $0128 ; addr, local, , beanzee, , asm/marvin.asm:151
_cmd_write_data                 = $0135 ; addr, local, , beanzee, , asm/marvin.asm:166
_cmd_write_end                  = $0141 ; addr, local, , beanzee, , asm/marvin.asm:180
_cmd_write_null                 = $0144 ; addr, local, , beanzee, , asm/marvin.asm:183
_colscan                        = $0390 ; addr, local, , beanzee, , asm/keyscan.asm:126
_colscanend                     = $03A3 ; addr, local, , beanzee, , asm/keyscan.asm:153
_colscanloop                    = $0394 ; addr, local, , beanzee, , asm/keyscan.asm:133
_colscanloopnext                = $039D ; addr, local, , beanzee, , asm/keyscan.asm:144
_delay                          = $036A ; addr, local, , beanzee, , asm/keyscan.asm:63
_delayloop                      = $036C ; addr, local, , beanzee, , asm/keyscan.asm:66
_do_usb_put                     = $007B ; addr, local, , beanzee, , asm/UM245R.asm:48
_get_cmd                        = $00A8 ; addr, local, , beanzee, , asm/marvin.asm:26
_get_cmd_end                    = $00CD ; addr, local, , beanzee, , asm/marvin.asm:64
_get_cmd_esc                    = $00C6 ; addr, local, , beanzee, , asm/marvin.asm:58
_hex_byte_val_zero              = $01BF ; addr, local, , beanzee, , asm/strings.asm:42
_hex_val_n                      = $01DE ; addr, local, , beanzee, , asm/strings.asm:68
_hex_val_u_n                    = $01D7 ; addr, local, , beanzee, , asm/strings.asm:60
_keyscan_init_loop              = $0337 ; addr, local, , beanzee, , asm/keyscan.asm:17
_keyscanloop                    = $0358 ; addr, local, , beanzee, , asm/keyscan.asm:46
_lcd_putchar_end                = $02B7 ; addr, local, , beanzee, , asm/HD44780LCD.asm:107
_lcd_putchar_eol0               = $029A ; addr, local, , beanzee, , asm/HD44780LCD.asm:91
_lcd_putchar_eol1               = $02A1 ; addr, local, , beanzee, , asm/HD44780LCD.asm:95
_lcd_putchar_eol2               = $02A8 ; addr, local, , beanzee, , asm/HD44780LCD.asm:99
_lcd_putchar_eol3               = $02AF ; addr, local, , beanzee, , asm/HD44780LCD.asm:103
_lcd_putchar_pad                = $0265 ; addr, local, , beanzee, , asm/HD44780LCD.asm:66
_lcd_putchar_printable          = $0280 ; addr, local, , beanzee, , asm/HD44780LCD.asm:79
_lcd_putcmd_loop                = $0242 ; addr, local, , beanzee, , asm/HD44780LCD.asm:30
_lcd_putdata_loop               = $02C2 ; addr, local, , beanzee, , asm/HD44780LCD.asm:118
_lcd_scroll_clear_line          = $0318 ; addr, local, , beanzee, , asm/HD44780LCD.asm:184
_lcd_scroll_clear_line_loop     = $031D ; addr, local, , beanzee, , asm/HD44780LCD.asm:189
_lcd_scroll_line                = $02FF ; addr, local, , beanzee, , asm/HD44780LCD.asm:155
_lcd_scroll_line_loop           = $0301 ; addr, local, , beanzee, , asm/HD44780LCD.asm:161
_modifier_shift                 = $038D ; addr, local, , beanzee, , asm/keyscan.asm:119
_modifierkeys                   = $0380 ; addr, local, , beanzee, , asm/keyscan.asm:107
_putchar_hex_dgt                = $0207 ; addr, local, , beanzee, , asm/strings.asm:97
_putchar_hex_n                  = $0211 ; addr, local, , beanzee, , asm/strings.asm:107
_puts_end                       = $004D ; addr, local, , beanzee, , asm/console.asm:61
_puts_loop                      = $0041 ; addr, local, , beanzee, , asm/console.asm:48
_rowscan                        = $0373 ; addr, local, , beanzee, , asm/keyscan.asm:82
_usb_no_char                    = $005E ; addr, local, , beanzee, , asm/UM245R.asm:34
_usb_put                        = $007F ; addr, local, , beanzee, , asm/UM245R.asm:53
_usb_put_loop                   = $0081 ; addr, local, , beanzee, , asm/UM245R.asm:57
bad_cmd_msg                     = $049B ; addr, local, , beanzee, , asm/messages.asm:7
cmd_w_null_msg                  = $04B3 ; addr, local, , beanzee, , asm/messages.asm:10
getchar                         = $0010 ; addr, local, , beanzee, , asm/console.asm:4
hex_byte_val                    = $01A0 ; addr, local, , beanzee, , asm/strings.asm:6
hex_val                         = $01D0 ; addr, local, , beanzee, , asm/strings.asm:52
keyscan                         = $0340 ; addr, local, , beanzee, , asm/keyscan.asm:29
keyscan_init                    = $0330 ; addr, local, , beanzee, , asm/keyscan.asm:12
lcd_getchar                     = $0250 ; addr, local, , beanzee, , asm/HD44780LCD.asm:47
lcd_init                        = $0220 ; addr, local, , beanzee, , asm/HD44780LCD.asm:7
lcd_putchar                     = $0260 ; addr, local, , beanzee, , asm/HD44780LCD.asm:61
lcd_putcmd                      = $0240 ; addr, local, , beanzee, , asm/HD44780LCD.asm:26
lcd_putdata                     = $02C0 ; addr, local, , beanzee, , asm/HD44780LCD.asm:114
lcd_scroll                      = $02E0 ; addr, local, , beanzee, , asm/HD44780LCD.asm:138
putchar                         = $0030 ; addr, local, , beanzee, , asm/console.asm:32
putchar_hex                     = $01F0 ; addr, local, , beanzee, , asm/strings.asm:76
puts                            = $0040 ; addr, local, , beanzee, , asm/console.asm:46
readchar                        = $0020 ; addr, local, , beanzee, , asm/console.asm:14
usb_putchar                     = $0070 ; addr, local, , beanzee, , asm/UM245R.asm:40
usb_readchar                    = $0050 ; addr, local, , beanzee, , asm/UM245R.asm:18
welcome_msg                     = $0425 ; addr, local, , beanzee, , asm/messages.asm:1
