BAD_CMD_MSG                     = $0230 ; addr, local, , beanzee, , asm/messages.asm:7
BEANBOARD                       = $0000 ; const, local, , beanzee, , beanzee.asm:5
CMD_BUFFER                      = $F020 ; const, local, , beanzee, , asm/main.inc:9
CMD_W_NULL_MSG                  = $0248 ; addr, local, , beanzee, , asm/messages.asm:10
CONSOLE_STATUS                  = $F000 ; const, local, , beanzee, , asm/main.inc:5
CONSOLE_STATUS_USB              = $0001 ; const, local, , beanzee, , asm/main.inc:22
ESC_E                           = $001B ; const, local, , beanzee, , asm/escapestring.inc:9
ESC_N                           = $000A ; const, local, , beanzee, , asm/escapestring.inc:7
ESC_R                           = $000D ; const, local, , beanzee, , asm/escapestring.inc:8
ESC_T                           = $0009 ; const, local, , beanzee, , asm/escapestring.inc:6
PROMPT                          = $0075 ; addr, local, , beanzee, , asm/marvin.asm:16
RAMSTART                        = $8000 ; const, local, , beanzee, , asm/main.inc:2
STACK                           = $FFFF ; const, local, , beanzee, , asm/main.inc:11
START                           = $006C ; addr, local, , beanzee, , asm/marvin.asm:9
UM245R_CTRL                     = $0000 ; const, local, , beanzee, , asm/main.inc:13
UM245R_DATA                     = $0001 ; const, local, , beanzee, , asm/main.inc:14
WELCOME_MSG                     = $01C1 ; addr, local, , beanzee, , asm/messages.asm:1
__head                          = $0000 ; const, public, def, , ,
__size                          = $025A ; const, public, def, , ,
__tail                          = $025A ; const, public, def, , ,
_cmd_exec_df                    = $0133 ; addr, local, , beanzee, , asm/marvin.asm:207
_cmd_execute                    = $0122 ; addr, local, , beanzee, , asm/marvin.asm:188
_cmd_load                       = $0137 ; addr, local, , beanzee, , asm/marvin.asm:215
_cmd_load_data                  = $0156 ; addr, local, , beanzee, , asm/marvin.asm:243
_cmd_load_end                   = $0163 ; addr, local, , beanzee, , asm/marvin.asm:262
_cmd_read                       = $00C7 ; addr, local, , beanzee, , asm/marvin.asm:95
_cmd_read_byte                  = $00E8 ; addr, local, , beanzee, , asm/marvin.asm:124
_cmd_read_row                   = $00D4 ; addr, local, , beanzee, , asm/marvin.asm:110
_cmd_write                      = $00FD ; addr, local, , beanzee, , asm/marvin.asm:147
_cmd_write_data                 = $010A ; addr, local, , beanzee, , asm/marvin.asm:162
_cmd_write_end                  = $0116 ; addr, local, , beanzee, , asm/marvin.asm:176
_cmd_write_null                 = $0119 ; addr, local, , beanzee, , asm/marvin.asm:179
_do_usb_put                     = $004C ; addr, local, , beanzee, , asm/UM245R.asm:44
_get_cmd                        = $007D ; addr, local, , beanzee, , asm/marvin.asm:22
_get_cmd_end                    = $00A2 ; addr, local, , beanzee, , asm/marvin.asm:60
_get_cmd_esc                    = $009B ; addr, local, , beanzee, , asm/marvin.asm:54
_hex_byte_val_zero              = $0185 ; addr, local, , beanzee, , asm/strings.asm:40
_hex_val_n                      = $0197 ; addr, local, , beanzee, , asm/strings.asm:64
_hex_val_u_n                    = $0190 ; addr, local, , beanzee, , asm/strings.asm:56
_putchar_hex_dgt                = $01B1 ; addr, local, , beanzee, , asm/strings.asm:91
_putchar_hex_n                  = $01BB ; addr, local, , beanzee, , asm/strings.asm:101
_puts_end                       = $0027 ; addr, local, , beanzee, , asm/console.asm:88
_puts_loop                      = $001B ; addr, local, , beanzee, , asm/console.asm:75
_usb_no_char                    = $003E ; addr, local, , beanzee, , asm/UM245R.asm:32
_usb_put                        = $0050 ; addr, local, , beanzee, , asm/UM245R.asm:49
_usb_put_loop                   = $0052 ; addr, local, , beanzee, , asm/UM245R.asm:53
_usb_puts_end                   = $006A ; addr, local, , beanzee, , asm/UM245R.asm:83
_usb_puts_loop                  = $005E ; addr, local, , beanzee, , asm/UM245R.asm:70
console_init                    = $0029 ; addr, local, , beanzee, , asm/console.asm:93
getchar                         = $0006 ; addr, local, , beanzee, , asm/console.asm:2
hex_byte_val                    = $0166 ; addr, local, , beanzee, , asm/strings.asm:4
hex_val                         = $0189 ; addr, local, , beanzee, , asm/strings.asm:48
putchar                         = $0012 ; addr, local, , beanzee, , asm/console.asm:63
putchar_hex                     = $019A ; addr, local, , beanzee, , asm/strings.asm:70
puts                            = $001A ; addr, local, , beanzee, , asm/console.asm:73
readchar                        = $000E ; addr, local, , beanzee, , asm/console.asm:30
usb_putchar                     = $0041 ; addr, local, , beanzee, , asm/UM245R.asm:36
usb_puts                        = $005D ; addr, local, , beanzee, , asm/UM245R.asm:68
usb_readchar                    = $0030 ; addr, local, , beanzee, , asm/UM245R.asm:16
