BEANBOARD                       = $0001 ; const, local, , beanboard, , beanboard.asm:5
CMD_BUFFER                      = $F020 ; const, local, , beanboard, , asm/main.inc:9
CONSOLE_STATUS                  = $F000 ; const, local, , beanboard, , asm/main.inc:5
CONSOLE_STATUS_BEANBOARD        = $0002 ; const, local, , beanboard, , asm/main.inc:23
CONSOLE_STATUS_USB              = $0001 ; const, local, , beanboard, , asm/main.inc:22
DEBOUNCE_DELAY                  = $00F0 ; const, local, , beanboard, , asm/keymatrix.asm:1
ESC_B                           = $0008 ; const, local, , beanboard, , asm/escapestring.inc:5
ESC_E                           = $001B ; const, local, , beanboard, , asm/escapestring.inc:9
ESC_N                           = $000A ; const, local, , beanboard, , asm/escapestring.inc:7
ESC_R                           = $000D ; const, local, , beanboard, , asm/escapestring.inc:8
ESC_T                           = $0009 ; const, local, , beanboard, , asm/escapestring.inc:6
KEYSCAN_BUFFER                  = $F010 ; const, local, , beanboard, , asm/main.inc:7
KEYSCAN_IN                      = $0003 ; const, local, , beanboard, , asm/main.inc:16
KEYSCAN_OUT                     = $0002 ; const, local, , beanboard, , asm/main.inc:15
LCD_BLINK_ON                    = $0001 ; const, local, , beanboard, , asm/HD44780LCD.inc:22
LCD_CLEAR_DISPLAY               = $0001 ; const, local, , beanboard, , asm/HD44780LCD.inc:2
LCD_COMMAND_0                   = $0038 ; const, local, , beanboard, , asm/HD44780LCD.asm:1
LCD_COMMAND_1                   = $000F ; const, local, , beanboard, , asm/HD44780LCD.asm:2
LCD_CTRL                        = $0004 ; const, local, , beanboard, , asm/main.inc:17
LCD_CURSOR_ON                   = $0002 ; const, local, , beanboard, , asm/HD44780LCD.inc:20
LCD_DATA                        = $0005 ; const, local, , beanboard, , asm/main.inc:18
LCD_DATA_LEN_8                  = $0010 ; const, local, , beanboard, , asm/HD44780LCD.inc:32
LCD_DISPLAY_ON                  = $0004 ; const, local, , beanboard, , asm/HD44780LCD.inc:18
LCD_DISPLAY_ON_OFF_CONTROL      = $0008 ; const, local, , beanboard, , asm/HD44780LCD.inc:5
LCD_DISP_LINES_2                = $0008 ; const, local, , beanboard, , asm/HD44780LCD.inc:34
LCD_EOL_0                       = $0013 ; const, local, , beanboard, , asm/HD44780LCD.inc:48
LCD_EOL_1                       = $0053 ; const, local, , beanboard, , asm/HD44780LCD.inc:49
LCD_EOL_2                       = $0027 ; const, local, , beanboard, , asm/HD44780LCD.inc:50
LCD_EOL_3                       = $0067 ; const, local, , beanboard, , asm/HD44780LCD.inc:51
LCD_FONT_8                      = $0000 ; const, local, , beanboard, , asm/HD44780LCD.inc:37
LCD_FUNCTION_SET                = $0020 ; const, local, , beanboard, , asm/HD44780LCD.inc:7
LCD_LINE_0_ADDR                 = $0000 ; const, local, , beanboard, , asm/HD44780LCD.inc:44
LCD_LINE_1_ADDR                 = $0040 ; const, local, , beanboard, , asm/HD44780LCD.inc:45
LCD_LINE_2_ADDR                 = $0014 ; const, local, , beanboard, , asm/HD44780LCD.inc:46
LCD_LINE_3_ADDR                 = $0054 ; const, local, , beanboard, , asm/HD44780LCD.inc:47
LCD_LINE_LEN                    = $0014 ; const, local, , beanboard, , asm/HD44780LCD.inc:39
LCD_NUM_LINES                   = $0004 ; const, local, , beanboard, , asm/HD44780LCD.inc:40
LCD_SET_DDRAM_ADDR              = $0080 ; const, local, , beanboard, , asm/HD44780LCD.inc:9
MOD_KEY_SHIFT                   = $0001 ; const, local, , beanboard, , asm/keymatrix.asm:3
PROMPT                          = $00E0 ; addr, local, , beanboard, , asm/marvin.asm:20
QUOTE                           = $0027 ; const, local, , beanboard, , asm/escapestring.inc:11
QWERTY_ALT                      = $0000 ; const, local, , beanboard, , asm/keymatrix.asm:148
QWERTY_CAPS                     = $0005 ; const, local, , beanboard, , asm/keymatrix.asm:154
QWERTY_CMD                      = $0000 ; const, local, , beanboard, , asm/keymatrix.asm:149
QWERTY_CTRL                     = $0000 ; const, local, , beanboard, , asm/keymatrix.asm:147
QWERTY_CURS_DOWN                = $0002 ; const, local, , beanboard, , asm/keymatrix.asm:151
QWERTY_CURS_LEFT                = $0003 ; const, local, , beanboard, , asm/keymatrix.asm:152
QWERTY_CURS_RIGHT               = $0004 ; const, local, , beanboard, , asm/keymatrix.asm:153
QWERTY_CURS_UP                  = $0001 ; const, local, , beanboard, , asm/keymatrix.asm:150
QWERTY_FN                       = $0000 ; const, local, , beanboard, , asm/keymatrix.asm:146
QWERTY_KEYMAP_L                 = $03D5 ; addr, local, , beanboard, , asm/keymatrix.asm:156
QWERTY_KEYMAP_U                 = $0415 ; addr, local, , beanboard, , asm/keymatrix.asm:161
QWERTY_SHIFT                    = $0000 ; const, local, , beanboard, , asm/keymatrix.asm:145
RAMSTART                        = $8000 ; const, local, , beanboard, , asm/main.inc:2
SLASH                           = $005C ; const, local, , beanboard, , asm/escapestring.inc:10
STACK                           = $FFFF ; const, local, , beanboard, , asm/main.inc:11
START                           = $00D0 ; addr, local, , beanboard, , asm/marvin.asm:11
UM245R_CTRL                     = $0000 ; const, local, , beanboard, , asm/main.inc:13
UM245R_DATA                     = $0001 ; const, local, , beanboard, , asm/main.inc:14
__head                          = $0000 ; const, public, def, , ,
__size                          = $04A9 ; const, public, def, , ,
__tail                          = $04A9 ; const, public, def, , ,
_cmd_exec_df                    = $019E ; addr, local, , beanboard, , asm/marvin.asm:211
_cmd_execute                    = $018D ; addr, local, , beanboard, , asm/marvin.asm:192
_cmd_load                       = $01A2 ; addr, local, , beanboard, , asm/marvin.asm:219
_cmd_load_data                  = $01C1 ; addr, local, , beanboard, , asm/marvin.asm:247
_cmd_load_end                   = $01CE ; addr, local, , beanboard, , asm/marvin.asm:266
_cmd_read                       = $0132 ; addr, local, , beanboard, , asm/marvin.asm:99
_cmd_read_byte                  = $0153 ; addr, local, , beanboard, , asm/marvin.asm:128
_cmd_read_row                   = $013F ; addr, local, , beanboard, , asm/marvin.asm:114
_cmd_write                      = $0168 ; addr, local, , beanboard, , asm/marvin.asm:151
_cmd_write_data                 = $0175 ; addr, local, , beanboard, , asm/marvin.asm:166
_cmd_write_end                  = $0181 ; addr, local, , beanboard, , asm/marvin.asm:180
_cmd_write_null                 = $0184 ; addr, local, , beanboard, , asm/marvin.asm:183
_colscan                        = $03C0 ; addr, local, , beanboard, , asm/keymatrix.asm:111
_colscanend                     = $03D3 ; addr, local, , beanboard, , asm/keymatrix.asm:138
_colscanloop                    = $03C4 ; addr, local, , beanboard, , asm/keymatrix.asm:118
_colscanloopnext                = $03CD ; addr, local, , beanboard, , asm/keymatrix.asm:129
_console_init_usb               = $007E ; addr, local, , beanboard, , asm/console.asm:95
_delay                          = $039A ; addr, local, , beanboard, , asm/keymatrix.asm:46
_delayloop                      = $039C ; addr, local, , beanboard, , asm/keymatrix.asm:49
_do_usb_put                     = $00BB ; addr, local, , beanboard, , asm/UM245R.asm:48
_get_cmd                        = $00E8 ; addr, local, , beanboard, , asm/marvin.asm:26
_get_cmd_end                    = $010D ; addr, local, , beanboard, , asm/marvin.asm:64
_get_cmd_esc                    = $0106 ; addr, local, , beanboard, , asm/marvin.asm:58
_hex_byte_val_zero              = $01FF ; addr, local, , beanboard, , asm/strings.asm:42
_hex_val_n                      = $021E ; addr, local, , beanboard, , asm/strings.asm:68
_hex_val_u_n                    = $0217 ; addr, local, , beanboard, , asm/strings.asm:60
_keyscanloop                    = $0388 ; addr, local, , beanboard, , asm/keymatrix.asm:29
_lcd_putchar_end                = $02F7 ; addr, local, , beanboard, , asm/HD44780LCD.asm:107
_lcd_putchar_eol0               = $02DA ; addr, local, , beanboard, , asm/HD44780LCD.asm:91
_lcd_putchar_eol1               = $02E1 ; addr, local, , beanboard, , asm/HD44780LCD.asm:95
_lcd_putchar_eol2               = $02E8 ; addr, local, , beanboard, , asm/HD44780LCD.asm:99
_lcd_putchar_eol3               = $02EF ; addr, local, , beanboard, , asm/HD44780LCD.asm:103
_lcd_putchar_pad                = $02A5 ; addr, local, , beanboard, , asm/HD44780LCD.asm:66
_lcd_putchar_printable          = $02C0 ; addr, local, , beanboard, , asm/HD44780LCD.asm:79
_lcd_putcmd_loop                = $0282 ; addr, local, , beanboard, , asm/HD44780LCD.asm:30
_lcd_putdata_loop               = $0302 ; addr, local, , beanboard, , asm/HD44780LCD.asm:118
_lcd_scroll_clear_line          = $0358 ; addr, local, , beanboard, , asm/HD44780LCD.asm:184
_lcd_scroll_clear_line_loop     = $035D ; addr, local, , beanboard, , asm/HD44780LCD.asm:189
_lcd_scroll_line                = $033F ; addr, local, , beanboard, , asm/HD44780LCD.asm:155
_lcd_scroll_line_loop           = $0341 ; addr, local, , beanboard, , asm/HD44780LCD.asm:161
_modifier_shift                 = $03BD ; addr, local, , beanboard, , asm/keymatrix.asm:104
_putchar_beanboard              = $0052 ; addr, local, , beanboard, , asm/console.asm:47
_putchar_end                    = $005C ; addr, local, , beanboard, , asm/console.asm:54
_putchar_hex_dgt                = $0247 ; addr, local, , beanboard, , asm/strings.asm:97
_putchar_hex_n                  = $0251 ; addr, local, , beanboard, , asm/strings.asm:107
_putchar_usb                    = $0058 ; addr, local, , beanboard, , asm/console.asm:51
_puts_end                       = $006D ; addr, local, , beanboard, , asm/console.asm:78
_puts_loop                      = $0061 ; addr, local, , beanboard, , asm/console.asm:65
_readchar_beanboard             = $0030 ; addr, local, , beanboard, , asm/console.asm:23
_readchar_end                   = $0038 ; addr, local, , beanboard, , asm/console.asm:28
_readchar_usb                   = $0035 ; addr, local, , beanboard, , asm/console.asm:26
_rowscan                        = $03A3 ; addr, local, , beanboard, , asm/keymatrix.asm:65
_usb_no_char                    = $009E ; addr, local, , beanboard, , asm/UM245R.asm:34
_usb_put                        = $00BF ; addr, local, , beanboard, , asm/UM245R.asm:53
_usb_put_loop                   = $00C1 ; addr, local, , beanboard, , asm/UM245R.asm:57
bad_cmd_msg                     = $0490 ; addr, local, , beanboard, , asm/messages_small.asm:11
cmd_w_null_msg                  = $04A0 ; addr, local, , beanboard, , asm/messages_small.asm:16
console_init                    = $006F ; addr, local, , beanboard, , asm/console.asm:84
getchar                         = $0010 ; addr, local, , beanboard, , asm/console.asm:4
hex_byte_val                    = $01E0 ; addr, local, , beanboard, , asm/strings.asm:6
hex_val                         = $0210 ; addr, local, , beanboard, , asm/strings.asm:52
keyscan                         = $0370 ; addr, local, , beanboard, , asm/keymatrix.asm:12
lcd_getchar                     = $0290 ; addr, local, , beanboard, , asm/HD44780LCD.asm:47
lcd_init                        = $0260 ; addr, local, , beanboard, , asm/HD44780LCD.asm:7
lcd_putchar                     = $02A0 ; addr, local, , beanboard, , asm/HD44780LCD.asm:61
lcd_putcmd                      = $0280 ; addr, local, , beanboard, , asm/HD44780LCD.asm:26
lcd_putdata                     = $0300 ; addr, local, , beanboard, , asm/HD44780LCD.asm:114
lcd_scroll                      = $0320 ; addr, local, , beanboard, , asm/HD44780LCD.asm:138
modifierkeys                    = $03B0 ; addr, local, , beanboard, , asm/keymatrix.asm:92
putchar                         = $0040 ; addr, local, , beanboard, , asm/console.asm:35
putchar_hex                     = $0230 ; addr, local, , beanboard, , asm/strings.asm:76
puts                            = $0060 ; addr, local, , beanboard, , asm/console.asm:63
readchar                        = $0020 ; addr, local, , beanboard, , asm/console.asm:13
usb_putchar                     = $00B0 ; addr, local, , beanboard, , asm/UM245R.asm:40
usb_readchar                    = $0090 ; addr, local, , beanboard, , asm/UM245R.asm:18
welcome_msg                     = $0460 ; addr, local, , beanboard, , asm/messages_small.asm:3
