BEANBOARD                       = $0000 ; const, local, , beanzee, , beanzee.asm:5
CMD_BUFFER                      = $F020 ; const, local, , beanzee, , asm/main.inc:9
CONSOLE_STATUS                  = $F000 ; const, local, , beanzee, , asm/main.inc:5
CONSOLE_STATUS_BEANBOARD        = $0002 ; const, local, , beanzee, , asm/main.inc:23
CONSOLE_STATUS_USB              = $0001 ; const, local, , beanzee, , asm/main.inc:22
DEBOUNCE_DELAY                  = $00F0 ; const, local, , beanzee, , asm/keymatrix.asm:1
ESC_B                           = $0008 ; const, local, , beanzee, , asm/escapestring.inc:5
ESC_E                           = $001B ; const, local, , beanzee, , asm/escapestring.inc:9
ESC_N                           = $000A ; const, local, , beanzee, , asm/escapestring.inc:7
ESC_R                           = $000D ; const, local, , beanzee, , asm/escapestring.inc:8
ESC_T                           = $0009 ; const, local, , beanzee, , asm/escapestring.inc:6
KEYSCAN_IN                      = $0003 ; const, local, , beanzee, , asm/main.inc:16
KEYSCAN_OUT                     = $0002 ; const, local, , beanzee, , asm/main.inc:15
KEY_MATRIX_BUFFER               = $F010 ; const, local, , beanzee, , asm/main.inc:7
LCD_BLINK_ON                    = $0001 ; const, local, , beanzee, , asm/HD44780LCD.inc:22
LCD_CLEAR_DISPLAY               = $0001 ; const, local, , beanzee, , asm/HD44780LCD.inc:2
LCD_COMMAND_0                   = $0038 ; const, local, , beanzee, , asm/HD44780LCD.asm:1
LCD_COMMAND_1                   = $000F ; const, local, , beanzee, , asm/HD44780LCD.asm:2
LCD_CTRL                        = $0004 ; const, local, , beanzee, , asm/main.inc:17
LCD_CURSOR_ON                   = $0002 ; const, local, , beanzee, , asm/HD44780LCD.inc:20
LCD_DATA                        = $0005 ; const, local, , beanzee, , asm/main.inc:18
LCD_DATA_LEN_8                  = $0010 ; const, local, , beanzee, , asm/HD44780LCD.inc:32
LCD_DISPLAY_ON                  = $0004 ; const, local, , beanzee, , asm/HD44780LCD.inc:18
LCD_DISPLAY_ON_OFF_CONTROL      = $0008 ; const, local, , beanzee, , asm/HD44780LCD.inc:5
LCD_DISP_LINES_2                = $0008 ; const, local, , beanzee, , asm/HD44780LCD.inc:34
LCD_EOL_0                       = $0013 ; const, local, , beanzee, , asm/HD44780LCD.inc:48
LCD_EOL_1                       = $0053 ; const, local, , beanzee, , asm/HD44780LCD.inc:49
LCD_EOL_2                       = $0027 ; const, local, , beanzee, , asm/HD44780LCD.inc:50
LCD_EOL_3                       = $0067 ; const, local, , beanzee, , asm/HD44780LCD.inc:51
LCD_FONT_8                      = $0000 ; const, local, , beanzee, , asm/HD44780LCD.inc:37
LCD_FUNCTION_SET                = $0020 ; const, local, , beanzee, , asm/HD44780LCD.inc:7
LCD_LINE_0_ADDR                 = $0000 ; const, local, , beanzee, , asm/HD44780LCD.inc:44
LCD_LINE_1_ADDR                 = $0040 ; const, local, , beanzee, , asm/HD44780LCD.inc:45
LCD_LINE_2_ADDR                 = $0014 ; const, local, , beanzee, , asm/HD44780LCD.inc:46
LCD_LINE_3_ADDR                 = $0054 ; const, local, , beanzee, , asm/HD44780LCD.inc:47
LCD_LINE_LEN                    = $0014 ; const, local, , beanzee, , asm/HD44780LCD.inc:39
LCD_NUM_LINES                   = $0004 ; const, local, , beanzee, , asm/HD44780LCD.inc:40
LCD_SET_DDRAM_ADDR              = $0080 ; const, local, , beanzee, , asm/HD44780LCD.inc:9
MOD_KEY_SHIFT                   = $0001 ; const, local, , beanzee, , asm/keymatrix.asm:3
PROMPT                          = $00D0 ; addr, local, , beanzee, , asm/marvin.asm:20
QUOTE                           = $0027 ; const, local, , beanzee, , asm/escapestring.inc:11
QWERTY_ALT                      = $0000 ; const, local, , beanzee, , asm/keymatrix.asm:148
QWERTY_CAPS                     = $0005 ; const, local, , beanzee, , asm/keymatrix.asm:154
QWERTY_CMD                      = $0000 ; const, local, , beanzee, , asm/keymatrix.asm:149
QWERTY_CTRL                     = $0000 ; const, local, , beanzee, , asm/keymatrix.asm:147
QWERTY_CURS_DOWN                = $0002 ; const, local, , beanzee, , asm/keymatrix.asm:151
QWERTY_CURS_LEFT                = $0003 ; const, local, , beanzee, , asm/keymatrix.asm:152
QWERTY_CURS_RIGHT               = $0004 ; const, local, , beanzee, , asm/keymatrix.asm:153
QWERTY_CURS_UP                  = $0001 ; const, local, , beanzee, , asm/keymatrix.asm:150
QWERTY_FN                       = $0000 ; const, local, , beanzee, , asm/keymatrix.asm:146
QWERTY_KEYMAP_L                 = $03C5 ; addr, local, , beanzee, , asm/keymatrix.asm:156
QWERTY_KEYMAP_U                 = $0405 ; addr, local, , beanzee, , asm/keymatrix.asm:161
QWERTY_SHIFT                    = $0000 ; const, local, , beanzee, , asm/keymatrix.asm:145
RAMSTART                        = $8000 ; const, local, , beanzee, , asm/main.inc:2
SLASH                           = $005C ; const, local, , beanzee, , asm/escapestring.inc:10
STACK                           = $FFFF ; const, local, , beanzee, , asm/main.inc:11
START                           = $00C0 ; addr, local, , beanzee, , asm/marvin.asm:11
UM245R_CTRL                     = $0000 ; const, local, , beanzee, , asm/main.inc:13
UM245R_DATA                     = $0001 ; const, local, , beanzee, , asm/main.inc:14
__head                          = $0000 ; const, public, def, , ,
__size                          = $04F2 ; const, public, def, , ,
__tail                          = $04F2 ; const, public, def, , ,
_cmd_exec_df                    = $018E ; addr, local, , beanzee, , asm/marvin.asm:211
_cmd_execute                    = $017D ; addr, local, , beanzee, , asm/marvin.asm:192
_cmd_load                       = $0192 ; addr, local, , beanzee, , asm/marvin.asm:219
_cmd_load_data                  = $01B1 ; addr, local, , beanzee, , asm/marvin.asm:247
_cmd_load_end                   = $01BE ; addr, local, , beanzee, , asm/marvin.asm:266
_cmd_read                       = $0122 ; addr, local, , beanzee, , asm/marvin.asm:99
_cmd_read_byte                  = $0143 ; addr, local, , beanzee, , asm/marvin.asm:128
_cmd_read_row                   = $012F ; addr, local, , beanzee, , asm/marvin.asm:114
_cmd_write                      = $0158 ; addr, local, , beanzee, , asm/marvin.asm:151
_cmd_write_data                 = $0165 ; addr, local, , beanzee, , asm/marvin.asm:166
_cmd_write_end                  = $0171 ; addr, local, , beanzee, , asm/marvin.asm:180
_cmd_write_null                 = $0174 ; addr, local, , beanzee, , asm/marvin.asm:183
_colscan                        = $03B0 ; addr, local, , beanzee, , asm/keymatrix.asm:111
_colscanend                     = $03C3 ; addr, local, , beanzee, , asm/keymatrix.asm:138
_colscanloop                    = $03B4 ; addr, local, , beanzee, , asm/keymatrix.asm:118
_colscanloopnext                = $03BD ; addr, local, , beanzee, , asm/keymatrix.asm:129
_delay                          = $038A ; addr, local, , beanzee, , asm/keymatrix.asm:46
_delayloop                      = $038C ; addr, local, , beanzee, , asm/keymatrix.asm:49
_do_usb_put                     = $00AB ; addr, local, , beanzee, , asm/UM245R.asm:48
_get_cmd                        = $00D8 ; addr, local, , beanzee, , asm/marvin.asm:26
_get_cmd_end                    = $00FD ; addr, local, , beanzee, , asm/marvin.asm:64
_get_cmd_esc                    = $00F6 ; addr, local, , beanzee, , asm/marvin.asm:58
_hex_byte_val_zero              = $01EF ; addr, local, , beanzee, , asm/strings.asm:42
_hex_val_n                      = $020E ; addr, local, , beanzee, , asm/strings.asm:68
_hex_val_u_n                    = $0207 ; addr, local, , beanzee, , asm/strings.asm:60
_keyscanloop                    = $0378 ; addr, local, , beanzee, , asm/keymatrix.asm:29
_lcd_putchar_end                = $02E7 ; addr, local, , beanzee, , asm/HD44780LCD.asm:107
_lcd_putchar_eol0               = $02CA ; addr, local, , beanzee, , asm/HD44780LCD.asm:91
_lcd_putchar_eol1               = $02D1 ; addr, local, , beanzee, , asm/HD44780LCD.asm:95
_lcd_putchar_eol2               = $02D8 ; addr, local, , beanzee, , asm/HD44780LCD.asm:99
_lcd_putchar_eol3               = $02DF ; addr, local, , beanzee, , asm/HD44780LCD.asm:103
_lcd_putchar_pad                = $0295 ; addr, local, , beanzee, , asm/HD44780LCD.asm:66
_lcd_putchar_printable          = $02B0 ; addr, local, , beanzee, , asm/HD44780LCD.asm:79
_lcd_putcmd_loop                = $0272 ; addr, local, , beanzee, , asm/HD44780LCD.asm:30
_lcd_putdata_loop               = $02F2 ; addr, local, , beanzee, , asm/HD44780LCD.asm:118
_lcd_scroll_clear_line          = $0348 ; addr, local, , beanzee, , asm/HD44780LCD.asm:184
_lcd_scroll_clear_line_loop     = $034D ; addr, local, , beanzee, , asm/HD44780LCD.asm:189
_lcd_scroll_line                = $032F ; addr, local, , beanzee, , asm/HD44780LCD.asm:155
_lcd_scroll_line_loop           = $0331 ; addr, local, , beanzee, , asm/HD44780LCD.asm:161
_modifier_shift                 = $03AD ; addr, local, , beanzee, , asm/keymatrix.asm:104
_putchar_beanboard              = $0052 ; addr, local, , beanzee, , asm/console.asm:47
_putchar_end                    = $005C ; addr, local, , beanzee, , asm/console.asm:54
_putchar_hex_dgt                = $0237 ; addr, local, , beanzee, , asm/strings.asm:97
_putchar_hex_n                  = $0241 ; addr, local, , beanzee, , asm/strings.asm:107
_putchar_usb                    = $0058 ; addr, local, , beanzee, , asm/console.asm:51
_puts_end                       = $006D ; addr, local, , beanzee, , asm/console.asm:78
_puts_loop                      = $0061 ; addr, local, , beanzee, , asm/console.asm:65
_readchar_beanboard             = $0030 ; addr, local, , beanzee, , asm/console.asm:23
_readchar_end                   = $0038 ; addr, local, , beanzee, , asm/console.asm:28
_readchar_usb                   = $0035 ; addr, local, , beanzee, , asm/console.asm:26
_rowscan                        = $0393 ; addr, local, , beanzee, , asm/keymatrix.asm:65
_usb_no_char                    = $008E ; addr, local, , beanzee, , asm/UM245R.asm:34
_usb_put                        = $00AF ; addr, local, , beanzee, , asm/UM245R.asm:53
_usb_put_loop                   = $00B1 ; addr, local, , beanzee, , asm/UM245R.asm:57
bad_cmd_msg                     = $04C0 ; addr, local, , beanzee, , asm/messages.asm:11
cmd_w_null_msg                  = $04E0 ; addr, local, , beanzee, , asm/messages.asm:16
console_init                    = $006F ; addr, local, , beanzee, , asm/console.asm:102
getchar                         = $0010 ; addr, local, , beanzee, , asm/console.asm:4
hex_byte_val                    = $01D0 ; addr, local, , beanzee, , asm/strings.asm:6
hex_val                         = $0200 ; addr, local, , beanzee, , asm/strings.asm:52
key_readchar                    = $0360 ; addr, local, , beanzee, , asm/keymatrix.asm:12
lcd_getchar                     = $0280 ; addr, local, , beanzee, , asm/HD44780LCD.asm:47
lcd_init                        = $0250 ; addr, local, , beanzee, , asm/HD44780LCD.asm:7
lcd_putchar                     = $0290 ; addr, local, , beanzee, , asm/HD44780LCD.asm:61
lcd_putcmd                      = $0270 ; addr, local, , beanzee, , asm/HD44780LCD.asm:26
lcd_putdata                     = $02F0 ; addr, local, , beanzee, , asm/HD44780LCD.asm:114
lcd_scroll                      = $0310 ; addr, local, , beanzee, , asm/HD44780LCD.asm:138
modifierkeys                    = $03A0 ; addr, local, , beanzee, , asm/keymatrix.asm:92
putchar                         = $0040 ; addr, local, , beanzee, , asm/console.asm:35
putchar_hex                     = $0220 ; addr, local, , beanzee, , asm/strings.asm:76
puts                            = $0060 ; addr, local, , beanzee, , asm/console.asm:63
readchar                        = $0020 ; addr, local, , beanzee, , asm/console.asm:13
usb_putchar                     = $00A0 ; addr, local, , beanzee, , asm/UM245R.asm:40
usb_readchar                    = $0080 ; addr, local, , beanzee, , asm/UM245R.asm:18
welcome_msg                     = $0450 ; addr, local, , beanzee, , asm/messages.asm:3
