BAD_CMD_MSG                     = $8238 ; addr, local, , beanzee, , asm/messages.asm:7
BEANBOARD                       = $0000 ; const, local, , beanzee, , beanzee.asm:5
CMD_BUFFER                      = $F020 ; const, local, , beanzee, , asm/main.inc:9
CMD_W_NULL_MSG                  = $8250 ; addr, local, , beanzee, , asm/messages.asm:10
ESC_E                           = $001B ; const, local, , beanzee, , asm/escapestring.inc:9
ESC_N                           = $000A ; const, local, , beanzee, , asm/escapestring.inc:7
ESC_R                           = $000D ; const, local, , beanzee, , asm/escapestring.inc:8
ESC_T                           = $0009 ; const, local, , beanzee, , asm/escapestring.inc:6
MARVIN                          = $8072 ; addr, local, , beanzee, , asm/marvin.asm:9
MARVINORG                       = $8000 ; const, local, , beanzee, , beanzee.asm:0
PROMPT                          = $807B ; addr, local, , beanzee, , asm/marvin.asm:16
RAMSTART                        = $8000 ; const, local, , beanzee, , asm/main.inc:2
STACK                           = $FFFF ; const, local, , beanzee, , asm/main.inc:11
UM245R_CTRL                     = $0000 ; const, local, , beanzee, , asm/main.inc:13
UM245R_DATA                     = $0001 ; const, local, , beanzee, , asm/main.inc:14
WARMSTART                       = $8010 ; addr, local, , beanzee, , asm/main.asm:8
WELCOME_MSG                     = $81C7 ; addr, local, , beanzee, , asm/messages.asm:1
__head                          = $8000 ; const, public, def, , ,
__size                          = $0262 ; const, public, def, , ,
__tail                          = $8262 ; const, public, def, , ,
_cmd_exec_df                    = $8139 ; addr, local, , beanzee, , asm/marvin.asm:207
_cmd_execute                    = $8128 ; addr, local, , beanzee, , asm/marvin.asm:188
_cmd_load                       = $813D ; addr, local, , beanzee, , asm/marvin.asm:215
_cmd_load_data                  = $815C ; addr, local, , beanzee, , asm/marvin.asm:243
_cmd_load_end                   = $8169 ; addr, local, , beanzee, , asm/marvin.asm:262
_cmd_read                       = $80CD ; addr, local, , beanzee, , asm/marvin.asm:95
_cmd_read_byte                  = $80EE ; addr, local, , beanzee, , asm/marvin.asm:124
_cmd_read_row                   = $80DA ; addr, local, , beanzee, , asm/marvin.asm:110
_cmd_write                      = $8103 ; addr, local, , beanzee, , asm/marvin.asm:147
_cmd_write_data                 = $8110 ; addr, local, , beanzee, , asm/marvin.asm:162
_cmd_write_end                  = $811C ; addr, local, , beanzee, , asm/marvin.asm:176
_cmd_write_null                 = $811F ; addr, local, , beanzee, , asm/marvin.asm:179
_do_usb_put                     = $8052 ; addr, local, , beanzee, , asm/UM245R.asm:44
_get_cmd                        = $8083 ; addr, local, , beanzee, , asm/marvin.asm:22
_get_cmd_end                    = $80A8 ; addr, local, , beanzee, , asm/marvin.asm:60
_get_cmd_esc                    = $80A1 ; addr, local, , beanzee, , asm/marvin.asm:54
_hex_byte_val_zero              = $818B ; addr, local, , beanzee, , asm/strings.asm:40
_hex_val_n                      = $819D ; addr, local, , beanzee, , asm/strings.asm:64
_hex_val_u_n                    = $8196 ; addr, local, , beanzee, , asm/strings.asm:56
_putchar_hex_dgt                = $81B7 ; addr, local, , beanzee, , asm/strings.asm:91
_putchar_hex_n                  = $81C1 ; addr, local, , beanzee, , asm/strings.asm:101
_puts_end                       = $8034 ; addr, local, , beanzee, , asm/console.asm:88
_puts_loop                      = $8028 ; addr, local, , beanzee, , asm/console.asm:75
_usb_no_char                    = $8044 ; addr, local, , beanzee, , asm/UM245R.asm:32
_usb_put                        = $8056 ; addr, local, , beanzee, , asm/UM245R.asm:49
_usb_put_loop                   = $8058 ; addr, local, , beanzee, , asm/UM245R.asm:53
_usb_puts_end                   = $8070 ; addr, local, , beanzee, , asm/UM245R.asm:83
_usb_puts_loop                  = $8064 ; addr, local, , beanzee, , asm/UM245R.asm:70
getchar                         = $8013 ; addr, local, , beanzee, , asm/console.asm:2
hex_byte_val                    = $816C ; addr, local, , beanzee, , asm/strings.asm:4
hex_val                         = $818F ; addr, local, , beanzee, , asm/strings.asm:48
putchar                         = $801F ; addr, local, , beanzee, , asm/console.asm:63
putchar_hex                     = $81A0 ; addr, local, , beanzee, , asm/strings.asm:70
puts                            = $8027 ; addr, local, , beanzee, , asm/console.asm:73
readchar                        = $801B ; addr, local, , beanzee, , asm/console.asm:30
usb_putchar                     = $8047 ; addr, local, , beanzee, , asm/UM245R.asm:36
usb_puts                        = $8063 ; addr, local, , beanzee, , asm/UM245R.asm:68
usb_readchar                    = $8036 ; addr, local, , beanzee, , asm/UM245R.asm:16
