BAD_CMD_MSG                     = $8424 ; addr, local, , beanboard, , asm/messages_small.asm:7
BEANBOARD                       = $0001 ; const, local, , beanboard, , beanboard.asm:5
CMD_BUFFER                      = $F020 ; const, local, , beanboard, , asm/main.inc:9
CMD_W_NULL_MSG                  = $8431 ; addr, local, , beanboard, , asm/messages_small.asm:10
CONSOLE_STATUS                  = $F000 ; const, local, , beanboard, , asm/main.inc:5
CONSOLE_STATUS_BEANBOARD        = $0002 ; const, local, , beanboard, , asm/main.inc:23
CONSOLE_STATUS_USB              = $0001 ; const, local, , beanboard, , asm/main.inc:22
DEBOUNCE_DELAY                  = $4000 ; const, local, , beanboard, , asm/keymatrix.asm:1
ESC_B                           = $0008 ; const, local, , beanboard, , asm/escapestring.inc:5
ESC_E                           = $001B ; const, local, , beanboard, , asm/escapestring.inc:9
ESC_N                           = $000A ; const, local, , beanboard, , asm/escapestring.inc:7
ESC_R                           = $000D ; const, local, , beanboard, , asm/escapestring.inc:8
ESC_T                           = $0009 ; const, local, , beanboard, , asm/escapestring.inc:6
KEYSCAN_IN                      = $0003 ; const, local, , beanboard, , asm/main.inc:16
KEYSCAN_OUT                     = $0002 ; const, local, , beanboard, , asm/main.inc:15
KEY_MATRIX_BUFFER               = $F010 ; const, local, , beanboard, , asm/main.inc:7
LCD_BLINK_ON                    = $0001 ; const, local, , beanboard, , asm/HD44780LCD.inc:22
LCD_CLEAR_DISPLAY               = $0001 ; const, local, , beanboard, , asm/HD44780LCD.inc:2
LCD_CTRL                        = $0004 ; const, local, , beanboard, , asm/main.inc:17
LCD_CURSOR_ON                   = $0002 ; const, local, , beanboard, , asm/HD44780LCD.inc:20
LCD_DATA                        = $0005 ; const, local, , beanboard, , asm/main.inc:18
LCD_DATA_LEN_8                  = $0010 ; const, local, , beanboard, , asm/HD44780LCD.inc:32
LCD_DISPLAY_ON                  = $0004 ; const, local, , beanboard, , asm/HD44780LCD.inc:18
LCD_DISPLAY_ON_OFF_CONTROL      = $0008 ; const, local, , beanboard, , asm/HD44780LCD.inc:5
LCD_DISP_LINES_2                = $0008 ; const, local, , beanboard, , asm/HD44780LCD.inc:34
LCD_EOL_0                       = $0013 ; const, local, , beanboard, , asm/HD44780LCD.inc:48
LCD_EOL_1                       = $0053 ; const, local, , beanboard, , asm/HD44780LCD.inc:49
LCD_EOL_2                       = $0027 ; const, local, , beanboard, , asm/HD44780LCD.inc:50
LCD_EOL_3                       = $0067 ; const, local, , beanboard, , asm/HD44780LCD.inc:51
LCD_FONT_8                      = $0000 ; const, local, , beanboard, , asm/HD44780LCD.inc:37
LCD_FUNCTION_SET                = $0020 ; const, local, , beanboard, , asm/HD44780LCD.inc:7
LCD_LINE_0_ADDR                 = $0000 ; const, local, , beanboard, , asm/HD44780LCD.inc:44
LCD_LINE_1_ADDR                 = $0040 ; const, local, , beanboard, , asm/HD44780LCD.inc:45
LCD_LINE_2_ADDR                 = $0014 ; const, local, , beanboard, , asm/HD44780LCD.inc:46
LCD_LINE_3_ADDR                 = $0054 ; const, local, , beanboard, , asm/HD44780LCD.inc:47
LCD_LINE_LEN                    = $0014 ; const, local, , beanboard, , asm/HD44780LCD.inc:39
LCD_NUM_LINES                   = $0004 ; const, local, , beanboard, , asm/HD44780LCD.inc:40
LCD_SET_DDRAM_ADDR              = $0080 ; const, local, , beanboard, , asm/HD44780LCD.inc:9
MARVIN                          = $80B6 ; addr, local, , beanboard, , asm/marvin.asm:9
MARVINORG                       = $8000 ; const, local, , beanboard, , beanboard.asm:0
MOD_KEY_SHIFT                   = $0001 ; const, local, , beanboard, , asm/keymatrix.asm:3
PROMPT                          = $80BF ; addr, local, , beanboard, , asm/marvin.asm:16
QUOTE                           = $0027 ; const, local, , beanboard, , asm/escapestring.inc:11
QWERTY_ALT                      = $0000 ; const, local, , beanboard, , asm/keymatrix.asm:151
QWERTY_CAPS                     = $0005 ; const, local, , beanboard, , asm/keymatrix.asm:157
QWERTY_CMD                      = $0000 ; const, local, , beanboard, , asm/keymatrix.asm:152
QWERTY_CTRL                     = $0000 ; const, local, , beanboard, , asm/keymatrix.asm:150
QWERTY_CURS_DOWN                = $0002 ; const, local, , beanboard, , asm/keymatrix.asm:154
QWERTY_CURS_LEFT                = $0003 ; const, local, , beanboard, , asm/keymatrix.asm:155
QWERTY_CURS_RIGHT               = $0004 ; const, local, , beanboard, , asm/keymatrix.asm:156
QWERTY_CURS_UP                  = $0001 ; const, local, , beanboard, , asm/keymatrix.asm:153
QWERTY_FN                       = $0000 ; const, local, , beanboard, , asm/keymatrix.asm:149
QWERTY_KEYMAP_L                 = $837B ; addr, local, , beanboard, , asm/keymatrix.asm:159
QWERTY_KEYMAP_U                 = $83BB ; addr, local, , beanboard, , asm/keymatrix.asm:164
QWERTY_SHIFT                    = $0000 ; const, local, , beanboard, , asm/keymatrix.asm:148
RAMSTART                        = $8000 ; const, local, , beanboard, , asm/main.inc:2
SLASH                           = $005C ; const, local, , beanboard, , asm/escapestring.inc:10
STACK                           = $FFFF ; const, local, , beanboard, , asm/main.inc:11
UM245R_CTRL                     = $0000 ; const, local, , beanboard, , asm/main.inc:13
UM245R_DATA                     = $0001 ; const, local, , beanboard, , asm/main.inc:14
WARMSTART                       = $8010 ; addr, local, , beanboard, , asm/main.asm:8
WELCOME_MSG                     = $83FB ; addr, local, , beanboard, , asm/messages_small.asm:1
__head                          = $8000 ; const, public, def, , ,
__lcd_putdata_loop              = $82A6 ; addr, local, , beanboard, , asm/HD44780LCD.asm:116
__size                          = $043A ; const, public, def, , ,
__tail                          = $843A ; const, public, def, , ,
_beanboard_console_init_usb     = $8073 ; addr, local, , beanboard, , asm/console.asm:106
_cmd_exec_df                    = $817D ; addr, local, , beanboard, , asm/marvin.asm:207
_cmd_execute                    = $816C ; addr, local, , beanboard, , asm/marvin.asm:188
_cmd_load                       = $8181 ; addr, local, , beanboard, , asm/marvin.asm:215
_cmd_load_data                  = $81A0 ; addr, local, , beanboard, , asm/marvin.asm:243
_cmd_load_end                   = $81AD ; addr, local, , beanboard, , asm/marvin.asm:262
_cmd_read                       = $8111 ; addr, local, , beanboard, , asm/marvin.asm:95
_cmd_read_byte                  = $8132 ; addr, local, , beanboard, , asm/marvin.asm:124
_cmd_read_row                   = $811E ; addr, local, , beanboard, , asm/marvin.asm:110
_cmd_write                      = $8147 ; addr, local, , beanboard, , asm/marvin.asm:147
_cmd_write_data                 = $8154 ; addr, local, , beanboard, , asm/marvin.asm:162
_cmd_write_end                  = $8160 ; addr, local, , beanboard, , asm/marvin.asm:176
_cmd_write_null                 = $8163 ; addr, local, , beanboard, , asm/marvin.asm:179
_colscan                        = $8366 ; addr, local, , beanboard, , asm/keymatrix.asm:114
_colscanend                     = $8379 ; addr, local, , beanboard, , asm/keymatrix.asm:141
_colscanloop                    = $836A ; addr, local, , beanboard, , asm/keymatrix.asm:121
_colscanloopnext                = $8373 ; addr, local, , beanboard, , asm/keymatrix.asm:132
_debounce_delay                 = $833A ; addr, local, , beanboard, , asm/keymatrix.asm:51
_delay_end                      = $8346 ; addr, local, , beanboard, , asm/keymatrix.asm:61
_delay_loop                     = $833F ; addr, local, , beanboard, , asm/keymatrix.asm:55
_do_usb_put                     = $8096 ; addr, local, , beanboard, , asm/UM245R.asm:44
_get_cmd                        = $80C7 ; addr, local, , beanboard, , asm/marvin.asm:22
_get_cmd_end                    = $80EC ; addr, local, , beanboard, , asm/marvin.asm:60
_get_cmd_esc                    = $80E5 ; addr, local, , beanboard, , asm/marvin.asm:54
_hex_byte_val_zero              = $81CF ; addr, local, , beanboard, , asm/strings.asm:40
_hex_val_n                      = $81E1 ; addr, local, , beanboard, , asm/strings.asm:64
_hex_val_u_n                    = $81DA ; addr, local, , beanboard, , asm/strings.asm:56
_keyscanloop                    = $8321 ; addr, local, , beanboard, , asm/keymatrix.asm:27
_lcd_putchar_end                = $82A3 ; addr, local, , beanboard, , asm/HD44780LCD.asm:107
_lcd_putchar_eol0               = $8272 ; addr, local, , beanboard, , asm/HD44780LCD.asm:83
_lcd_putchar_eol1               = $827E ; addr, local, , beanboard, , asm/HD44780LCD.asm:89
_lcd_putchar_eol2               = $828A ; addr, local, , beanboard, , asm/HD44780LCD.asm:95
_lcd_putchar_eol3               = $8296 ; addr, local, , beanboard, , asm/HD44780LCD.asm:101
_lcd_putchar_pad                = $823D ; addr, local, , beanboard, , asm/HD44780LCD.asm:58
_lcd_putchar_printable          = $8258 ; addr, local, , beanboard, , asm/HD44780LCD.asm:71
_lcd_putcmd_loop                = $8224 ; addr, local, , beanboard, , asm/HD44780LCD.asm:26
_lcd_putdata                    = $82A4 ; addr, local, , beanboard, , asm/HD44780LCD.asm:112
_lcd_puts_end                   = $8307 ; addr, local, , beanboard, , asm/HD44780LCD.asm:207
_lcd_puts_loop                  = $82FB ; addr, local, , beanboard, , asm/HD44780LCD.asm:194
_lcd_scroll_clear_line          = $82ED ; addr, local, , beanboard, , asm/HD44780LCD.asm:180
_lcd_scroll_clear_line_loop     = $82F2 ; addr, local, , beanboard, , asm/HD44780LCD.asm:185
_lcd_scroll_line                = $82D4 ; addr, local, , beanboard, , asm/HD44780LCD.asm:151
_lcd_scroll_line_loop           = $82D6 ; addr, local, , beanboard, , asm/HD44780LCD.asm:157
_modifier_shift                 = $8363 ; addr, local, , beanboard, , asm/keymatrix.asm:107
_putchar_beanboard              = $8047 ; addr, local, , beanboard, , asm/console.asm:49
_putchar_end                    = $8051 ; addr, local, , beanboard, , asm/console.asm:56
_putchar_hex_dgt                = $81FB ; addr, local, , beanboard, , asm/strings.asm:91
_putchar_hex_n                  = $8205 ; addr, local, , beanboard, , asm/strings.asm:101
_putchar_usb                    = $804D ; addr, local, , beanboard, , asm/console.asm:53
_puts_end                       = $8062 ; addr, local, , beanboard, , asm/console.asm:88
_puts_loop                      = $8056 ; addr, local, , beanboard, , asm/console.asm:75
_readchar_beanboard             = $802B ; addr, local, , beanboard, , asm/console.asm:20
_readchar_end                   = $8033 ; addr, local, , beanboard, , asm/console.asm:25
_readchar_usb                   = $8030 ; addr, local, , beanboard, , asm/console.asm:23
_rowscan                        = $8349 ; addr, local, , beanboard, , asm/keymatrix.asm:71
_usb_no_char                    = $8088 ; addr, local, , beanboard, , asm/UM245R.asm:32
_usb_put                        = $809A ; addr, local, , beanboard, , asm/UM245R.asm:49
_usb_put_loop                   = $809C ; addr, local, , beanboard, , asm/UM245R.asm:53
_usb_puts_end                   = $80B4 ; addr, local, , beanboard, , asm/UM245R.asm:83
_usb_puts_loop                  = $80A8 ; addr, local, , beanboard, , asm/UM245R.asm:70
beanboard_console_init          = $8064 ; addr, local, , beanboard, , asm/console.asm:94
getchar                         = $8013 ; addr, local, , beanboard, , asm/console.asm:2
hex_byte_val                    = $81B0 ; addr, local, , beanboard, , asm/strings.asm:4
hex_val                         = $81D3 ; addr, local, , beanboard, , asm/strings.asm:48
key_readchar                    = $8309 ; addr, local, , beanboard, , asm/keymatrix.asm:10
key_readchar_end                = $8333 ; addr, local, , beanboard, , asm/keymatrix.asm:43
lcd_getchar                     = $822F ; addr, local, , beanboard, , asm/HD44780LCD.asm:41
lcd_init                        = $820B ; addr, local, , beanboard, , asm/HD44780LCD.asm:2
lcd_putchar                     = $8238 ; addr, local, , beanboard, , asm/HD44780LCD.asm:53
lcd_putcmd                      = $8222 ; addr, local, , beanboard, , asm/HD44780LCD.asm:22
lcd_puts                        = $82FA ; addr, local, , beanboard, , asm/HD44780LCD.asm:192
lcd_scroll                      = $82B5 ; addr, local, , beanboard, , asm/HD44780LCD.asm:134
modifierkeys                    = $8356 ; addr, local, , beanboard, , asm/keymatrix.asm:95
putchar                         = $8035 ; addr, local, , beanboard, , asm/console.asm:37
putchar_hex                     = $81E4 ; addr, local, , beanboard, , asm/strings.asm:70
puts                            = $8055 ; addr, local, , beanboard, , asm/console.asm:73
readchar                        = $801B ; addr, local, , beanboard, , asm/console.asm:10
usb_putchar                     = $808B ; addr, local, , beanboard, , asm/UM245R.asm:36
usb_puts                        = $80A7 ; addr, local, , beanboard, , asm/UM245R.asm:68
usb_readchar                    = $807A ; addr, local, , beanboard, , asm/UM245R.asm:16
