BAD_CMD_MSG                     = $0401 ; addr, local, , beanboard, , asm/messages_small.asm:7
BEANBOARD                       = $0001 ; const, local, , beanboard, , beanboard.asm:5
CMD_BUFFER                      = $F020 ; const, local, , beanboard, , asm/main.inc:9
CMD_W_NULL_MSG                  = $040E ; addr, local, , beanboard, , asm/messages_small.asm:10
CONSOLE_STATUS                  = $F000 ; const, local, , beanboard, , asm/main.inc:5
CONSOLE_STATUS_BEANBOARD        = $0002 ; const, local, , beanboard, , asm/main.inc:23
CONSOLE_STATUS_USB              = $0001 ; const, local, , beanboard, , asm/main.inc:22
DEBOUNCE_DELAY                  = $00F0 ; const, local, , beanboard, , asm/keymatrix.asm:1
ESC_B                           = $0008 ; const, local, , beanboard, , asm/escapestring.inc:5
ESC_E                           = $001B ; const, local, , beanboard, , asm/escapestring.inc:9
ESC_N                           = $000A ; const, local, , beanboard, , asm/escapestring.inc:7
ESC_R                           = $000D ; const, local, , beanboard, , asm/escapestring.inc:8
ESC_T                           = $0009 ; const, local, , beanboard, , asm/escapestring.inc:6
KEYSCAN_IN                      = $0003 ; const, local, , beanboard, , asm/main.inc:16
KEYSCAN_OUT                     = $0002 ; const, local, , beanboard, , asm/main.inc:15
KEY_MATRIX_BUFFER               = $F010 ; const, local, , beanboard, , asm/main.inc:7
LCD_BLINK_ON                    = $0001 ; const, local, , beanboard, , asm/HD44780LCD.inc:22
LCD_CLEAR_DISPLAY               = $0001 ; const, local, , beanboard, , asm/HD44780LCD.inc:2
LCD_COMMAND_0                   = $0038 ; const, local, , beanboard, , asm/HD44780LCD.asm:1
LCD_COMMAND_1                   = $000F ; const, local, , beanboard, , asm/HD44780LCD.asm:2
LCD_CTRL                        = $0004 ; const, local, , beanboard, , asm/main.inc:17
LCD_CURSOR_ON                   = $0002 ; const, local, , beanboard, , asm/HD44780LCD.inc:20
LCD_DATA                        = $0005 ; const, local, , beanboard, , asm/main.inc:18
LCD_DATA_LEN_8                  = $0010 ; const, local, , beanboard, , asm/HD44780LCD.inc:32
LCD_DISPLAY_ON                  = $0004 ; const, local, , beanboard, , asm/HD44780LCD.inc:18
LCD_DISPLAY_ON_OFF_CONTROL      = $0008 ; const, local, , beanboard, , asm/HD44780LCD.inc:5
LCD_DISP_LINES_2                = $0008 ; const, local, , beanboard, , asm/HD44780LCD.inc:34
LCD_EOL_0                       = $0013 ; const, local, , beanboard, , asm/HD44780LCD.inc:48
LCD_EOL_1                       = $0053 ; const, local, , beanboard, , asm/HD44780LCD.inc:49
LCD_EOL_2                       = $0027 ; const, local, , beanboard, , asm/HD44780LCD.inc:50
LCD_EOL_3                       = $0067 ; const, local, , beanboard, , asm/HD44780LCD.inc:51
LCD_FONT_8                      = $0000 ; const, local, , beanboard, , asm/HD44780LCD.inc:37
LCD_FUNCTION_SET                = $0020 ; const, local, , beanboard, , asm/HD44780LCD.inc:7
LCD_LINE_0_ADDR                 = $0000 ; const, local, , beanboard, , asm/HD44780LCD.inc:44
LCD_LINE_1_ADDR                 = $0040 ; const, local, , beanboard, , asm/HD44780LCD.inc:45
LCD_LINE_2_ADDR                 = $0014 ; const, local, , beanboard, , asm/HD44780LCD.inc:46
LCD_LINE_3_ADDR                 = $0054 ; const, local, , beanboard, , asm/HD44780LCD.inc:47
LCD_LINE_LEN                    = $0014 ; const, local, , beanboard, , asm/HD44780LCD.inc:39
LCD_NUM_LINES                   = $0004 ; const, local, , beanboard, , asm/HD44780LCD.inc:40
LCD_SET_DDRAM_ADDR              = $0080 ; const, local, , beanboard, , asm/HD44780LCD.inc:9
MARVIN                          = $00B6 ; addr, local, , beanboard, , asm/marvin.asm:9
MOD_KEY_SHIFT                   = $0001 ; const, local, , beanboard, , asm/keymatrix.asm:3
ORGDEF                          = $0000 ; const, local, , beanboard, , beanboard.asm:0
PROMPT                          = $00BF ; addr, local, , beanboard, , asm/marvin.asm:16
QUOTE                           = $0027 ; const, local, , beanboard, , asm/escapestring.inc:11
QWERTY_ALT                      = $0000 ; const, local, , beanboard, , asm/keymatrix.asm:143
QWERTY_CAPS                     = $0005 ; const, local, , beanboard, , asm/keymatrix.asm:149
QWERTY_CMD                      = $0000 ; const, local, , beanboard, , asm/keymatrix.asm:144
QWERTY_CTRL                     = $0000 ; const, local, , beanboard, , asm/keymatrix.asm:142
QWERTY_CURS_DOWN                = $0002 ; const, local, , beanboard, , asm/keymatrix.asm:146
QWERTY_CURS_LEFT                = $0003 ; const, local, , beanboard, , asm/keymatrix.asm:147
QWERTY_CURS_RIGHT               = $0004 ; const, local, , beanboard, , asm/keymatrix.asm:148
QWERTY_CURS_UP                  = $0001 ; const, local, , beanboard, , asm/keymatrix.asm:145
QWERTY_FN                       = $0000 ; const, local, , beanboard, , asm/keymatrix.asm:141
QWERTY_KEYMAP_L                 = $035A ; addr, local, , beanboard, , asm/keymatrix.asm:151
QWERTY_KEYMAP_U                 = $039A ; addr, local, , beanboard, , asm/keymatrix.asm:156
QWERTY_SHIFT                    = $0000 ; const, local, , beanboard, , asm/keymatrix.asm:140
RAMSTART                        = $8000 ; const, local, , beanboard, , asm/main.inc:2
SLASH                           = $005C ; const, local, , beanboard, , asm/escapestring.inc:10
STACK                           = $FFFF ; const, local, , beanboard, , asm/main.inc:11
UM245R_CTRL                     = $0000 ; const, local, , beanboard, , asm/main.inc:13
UM245R_DATA                     = $0001 ; const, local, , beanboard, , asm/main.inc:14
WARMSTART                       = $0010 ; addr, local, , beanboard, , asm/main.asm:12
WELCOME_MSG                     = $03DA ; addr, local, , beanboard, , asm/messages_small.asm:1
__head                          = $0000 ; const, public, def, , ,
__lcd_putdata_loop              = $0292 ; addr, local, , beanboard, , asm/HD44780LCD.asm:108
__size                          = $0417 ; const, public, def, , ,
__tail                          = $0417 ; const, public, def, , ,
_beanboard_console_init_usb     = $0073 ; addr, local, , beanboard, , asm/console.asm:106
_cmd_exec_df                    = $017D ; addr, local, , beanboard, , asm/marvin.asm:207
_cmd_execute                    = $016C ; addr, local, , beanboard, , asm/marvin.asm:188
_cmd_load                       = $0181 ; addr, local, , beanboard, , asm/marvin.asm:215
_cmd_load_data                  = $01A0 ; addr, local, , beanboard, , asm/marvin.asm:243
_cmd_load_end                   = $01AD ; addr, local, , beanboard, , asm/marvin.asm:262
_cmd_read                       = $0111 ; addr, local, , beanboard, , asm/marvin.asm:95
_cmd_read_byte                  = $0132 ; addr, local, , beanboard, , asm/marvin.asm:124
_cmd_read_row                   = $011E ; addr, local, , beanboard, , asm/marvin.asm:110
_cmd_write                      = $0147 ; addr, local, , beanboard, , asm/marvin.asm:147
_cmd_write_data                 = $0154 ; addr, local, , beanboard, , asm/marvin.asm:162
_cmd_write_end                  = $0160 ; addr, local, , beanboard, , asm/marvin.asm:176
_cmd_write_null                 = $0163 ; addr, local, , beanboard, , asm/marvin.asm:179
_colscan                        = $0345 ; addr, local, , beanboard, , asm/keymatrix.asm:106
_colscanend                     = $0358 ; addr, local, , beanboard, , asm/keymatrix.asm:133
_colscanloop                    = $0349 ; addr, local, , beanboard, , asm/keymatrix.asm:113
_colscanloopnext                = $0352 ; addr, local, , beanboard, , asm/keymatrix.asm:124
_delay                          = $031F ; addr, local, , beanboard, , asm/keymatrix.asm:44
_delayloop                      = $0321 ; addr, local, , beanboard, , asm/keymatrix.asm:47
_do_usb_put                     = $0096 ; addr, local, , beanboard, , asm/UM245R.asm:44
_get_cmd                        = $00C7 ; addr, local, , beanboard, , asm/marvin.asm:22
_get_cmd_end                    = $00EC ; addr, local, , beanboard, , asm/marvin.asm:60
_get_cmd_esc                    = $00E5 ; addr, local, , beanboard, , asm/marvin.asm:54
_hex_byte_val_zero              = $01CF ; addr, local, , beanboard, , asm/strings.asm:40
_hex_val_n                      = $01E1 ; addr, local, , beanboard, , asm/strings.asm:64
_hex_val_u_n                    = $01DA ; addr, local, , beanboard, , asm/strings.asm:56
_keyscanloop                    = $030D ; addr, local, , beanboard, , asm/keymatrix.asm:27
_lcd_putchar_end                = $028F ; addr, local, , beanboard, , asm/HD44780LCD.asm:99
_lcd_putchar_eol0               = $0272 ; addr, local, , beanboard, , asm/HD44780LCD.asm:83
_lcd_putchar_eol1               = $0279 ; addr, local, , beanboard, , asm/HD44780LCD.asm:87
_lcd_putchar_eol2               = $0280 ; addr, local, , beanboard, , asm/HD44780LCD.asm:91
_lcd_putchar_eol3               = $0287 ; addr, local, , beanboard, , asm/HD44780LCD.asm:95
_lcd_putchar_pad                = $023D ; addr, local, , beanboard, , asm/HD44780LCD.asm:58
_lcd_putchar_printable          = $0258 ; addr, local, , beanboard, , asm/HD44780LCD.asm:71
_lcd_putcmd_loop                = $0224 ; addr, local, , beanboard, , asm/HD44780LCD.asm:26
_lcd_putdata                    = $0290 ; addr, local, , beanboard, , asm/HD44780LCD.asm:104
_lcd_puts_end                   = $02F3 ; addr, local, , beanboard, , asm/HD44780LCD.asm:199
_lcd_puts_loop                  = $02E7 ; addr, local, , beanboard, , asm/HD44780LCD.asm:186
_lcd_scroll_clear_line          = $02D9 ; addr, local, , beanboard, , asm/HD44780LCD.asm:172
_lcd_scroll_clear_line_loop     = $02DE ; addr, local, , beanboard, , asm/HD44780LCD.asm:177
_lcd_scroll_line                = $02C0 ; addr, local, , beanboard, , asm/HD44780LCD.asm:143
_lcd_scroll_line_loop           = $02C2 ; addr, local, , beanboard, , asm/HD44780LCD.asm:149
_modifier_shift                 = $0342 ; addr, local, , beanboard, , asm/keymatrix.asm:99
_putchar_beanboard              = $0047 ; addr, local, , beanboard, , asm/console.asm:49
_putchar_end                    = $0051 ; addr, local, , beanboard, , asm/console.asm:56
_putchar_hex_dgt                = $01FB ; addr, local, , beanboard, , asm/strings.asm:91
_putchar_hex_n                  = $0205 ; addr, local, , beanboard, , asm/strings.asm:101
_putchar_usb                    = $004D ; addr, local, , beanboard, , asm/console.asm:53
_puts_end                       = $0062 ; addr, local, , beanboard, , asm/console.asm:88
_puts_loop                      = $0056 ; addr, local, , beanboard, , asm/console.asm:75
_readchar_beanboard             = $002B ; addr, local, , beanboard, , asm/console.asm:20
_readchar_end                   = $0033 ; addr, local, , beanboard, , asm/console.asm:25
_readchar_usb                   = $0030 ; addr, local, , beanboard, , asm/console.asm:23
_rowscan                        = $0328 ; addr, local, , beanboard, , asm/keymatrix.asm:63
_usb_no_char                    = $0088 ; addr, local, , beanboard, , asm/UM245R.asm:32
_usb_put                        = $009A ; addr, local, , beanboard, , asm/UM245R.asm:49
_usb_put_loop                   = $009C ; addr, local, , beanboard, , asm/UM245R.asm:53
_usb_puts_end                   = $00B4 ; addr, local, , beanboard, , asm/UM245R.asm:83
_usb_puts_loop                  = $00A8 ; addr, local, , beanboard, , asm/UM245R.asm:70
beanboard_console_init          = $0064 ; addr, local, , beanboard, , asm/console.asm:94
getchar                         = $0013 ; addr, local, , beanboard, , asm/console.asm:2
hex_byte_val                    = $01B0 ; addr, local, , beanboard, , asm/strings.asm:4
hex_val                         = $01D3 ; addr, local, , beanboard, , asm/strings.asm:48
key_readchar                    = $02F5 ; addr, local, , beanboard, , asm/keymatrix.asm:10
lcd_getchar                     = $022F ; addr, local, , beanboard, , asm/HD44780LCD.asm:41
lcd_init                        = $020B ; addr, local, , beanboard, , asm/HD44780LCD.asm:5
lcd_putchar                     = $0238 ; addr, local, , beanboard, , asm/HD44780LCD.asm:53
lcd_putcmd                      = $0222 ; addr, local, , beanboard, , asm/HD44780LCD.asm:22
lcd_puts                        = $02E6 ; addr, local, , beanboard, , asm/HD44780LCD.asm:184
lcd_scroll                      = $02A1 ; addr, local, , beanboard, , asm/HD44780LCD.asm:126
modifierkeys                    = $0335 ; addr, local, , beanboard, , asm/keymatrix.asm:87
putchar                         = $0035 ; addr, local, , beanboard, , asm/console.asm:37
putchar_hex                     = $01E4 ; addr, local, , beanboard, , asm/strings.asm:70
puts                            = $0055 ; addr, local, , beanboard, , asm/console.asm:73
readchar                        = $001B ; addr, local, , beanboard, , asm/console.asm:10
usb_putchar                     = $008B ; addr, local, , beanboard, , asm/UM245R.asm:36
usb_puts                        = $00A7 ; addr, local, , beanboard, , asm/UM245R.asm:68
usb_readchar                    = $007A ; addr, local, , beanboard, , asm/UM245R.asm:16
