BAD_CMD_MSG                     = $0236 ; addr, local, , beanzee, , asm/messages.asm:7
BEANBOARD                       = $0000 ; const, local, , beanzee, , beanzee.asm:5
CMD_BUFFER                      = $F020 ; const, local, , beanzee, , asm/main.inc:9
CMD_W_NULL_MSG                  = $024E ; addr, local, , beanzee, , asm/messages.asm:10
ESC_E                           = $001B ; const, local, , beanzee, , asm/escapestring.inc:9
ESC_N                           = $000A ; const, local, , beanzee, , asm/escapestring.inc:7
ESC_R                           = $000D ; const, local, , beanzee, , asm/escapestring.inc:8
ESC_T                           = $0009 ; const, local, , beanzee, , asm/escapestring.inc:6
MARVIN                          = $0072 ; addr, local, , beanzee, , asm/marvin.asm:9
MARVINORG                       = $0000 ; const, local, , beanzee, , beanzee.asm:0
PROMPT                          = $007B ; addr, local, , beanzee, , asm/marvin.asm:16
RAMSTART                        = $8000 ; const, local, , beanzee, , asm/main.inc:2
STACK                           = $FFFF ; const, local, , beanzee, , asm/main.inc:11
UM245R_CTRL                     = $0000 ; const, local, , beanzee, , asm/main.inc:13
UM245R_DATA                     = $0001 ; const, local, , beanzee, , asm/main.inc:14
WARMSTART                       = $0010 ; addr, local, , beanzee, , asm/main.asm:8
WELCOME_MSG                     = $01C7 ; addr, local, , beanzee, , asm/messages.asm:1
__head                          = $0000 ; const, public, def, , ,
__size                          = $0260 ; const, public, def, , ,
__tail                          = $0260 ; const, public, def, , ,
_cmd_exec_df                    = $0139 ; addr, local, , beanzee, , asm/marvin.asm:207
_cmd_execute                    = $0128 ; addr, local, , beanzee, , asm/marvin.asm:188
_cmd_load                       = $013D ; addr, local, , beanzee, , asm/marvin.asm:215
_cmd_load_data                  = $015C ; addr, local, , beanzee, , asm/marvin.asm:243
_cmd_load_end                   = $0169 ; addr, local, , beanzee, , asm/marvin.asm:262
_cmd_read                       = $00CD ; addr, local, , beanzee, , asm/marvin.asm:95
_cmd_read_byte                  = $00EE ; addr, local, , beanzee, , asm/marvin.asm:124
_cmd_read_row                   = $00DA ; addr, local, , beanzee, , asm/marvin.asm:110
_cmd_write                      = $0103 ; addr, local, , beanzee, , asm/marvin.asm:147
_cmd_write_data                 = $0110 ; addr, local, , beanzee, , asm/marvin.asm:162
_cmd_write_end                  = $011C ; addr, local, , beanzee, , asm/marvin.asm:176
_cmd_write_null                 = $011F ; addr, local, , beanzee, , asm/marvin.asm:179
_do_usb_put                     = $0052 ; addr, local, , beanzee, , asm/UM245R.asm:44
_get_cmd                        = $0083 ; addr, local, , beanzee, , asm/marvin.asm:22
_get_cmd_end                    = $00A8 ; addr, local, , beanzee, , asm/marvin.asm:60
_get_cmd_esc                    = $00A1 ; addr, local, , beanzee, , asm/marvin.asm:54
_hex_byte_val_zero              = $018B ; addr, local, , beanzee, , asm/strings.asm:40
_hex_val_n                      = $019D ; addr, local, , beanzee, , asm/strings.asm:64
_hex_val_u_n                    = $0196 ; addr, local, , beanzee, , asm/strings.asm:56
_putchar_hex_dgt                = $01B7 ; addr, local, , beanzee, , asm/strings.asm:91
_putchar_hex_n                  = $01C1 ; addr, local, , beanzee, , asm/strings.asm:101
_puts_end                       = $0034 ; addr, local, , beanzee, , asm/console.asm:88
_puts_loop                      = $0028 ; addr, local, , beanzee, , asm/console.asm:75
_usb_no_char                    = $0044 ; addr, local, , beanzee, , asm/UM245R.asm:32
_usb_put                        = $0056 ; addr, local, , beanzee, , asm/UM245R.asm:49
_usb_put_loop                   = $0058 ; addr, local, , beanzee, , asm/UM245R.asm:53
_usb_puts_end                   = $0070 ; addr, local, , beanzee, , asm/UM245R.asm:83
_usb_puts_loop                  = $0064 ; addr, local, , beanzee, , asm/UM245R.asm:70
getchar                         = $0013 ; addr, local, , beanzee, , asm/console.asm:2
hex_byte_val                    = $016C ; addr, local, , beanzee, , asm/strings.asm:4
hex_val                         = $018F ; addr, local, , beanzee, , asm/strings.asm:48
putchar                         = $001F ; addr, local, , beanzee, , asm/console.asm:63
putchar_hex                     = $01A0 ; addr, local, , beanzee, , asm/strings.asm:70
puts                            = $0027 ; addr, local, , beanzee, , asm/console.asm:73
readchar                        = $001B ; addr, local, , beanzee, , asm/console.asm:30
usb_putchar                     = $0047 ; addr, local, , beanzee, , asm/UM245R.asm:36
usb_puts                        = $0063 ; addr, local, , beanzee, , asm/UM245R.asm:68
usb_readchar                    = $0036 ; addr, local, , beanzee, , asm/UM245R.asm:16
