BAD_CMD_MSG                     = $0248 ; addr, public, , messages, , asm/messages.asm:11
CMD_BUFFER                      = $F020 ; const, local, , marvin, , asm/main.inc:12
CMD_W_NULL_MSG                  = $0260 ; addr, public, , messages, , asm/messages.asm:14
ESC_E                           = $001B ; const, local, , marvin, , asm/escapestring.inc:12
ESC_N                           = $000A ; const, local, , UM245R, , asm/escapestring.inc:10
ESC_N                           = $000A ; const, local, , marvin, , asm/escapestring.inc:10
ESC_R                           = $000D ; const, local, , UM245R, , asm/escapestring.inc:11
ESC_R                           = $000D ; const, local, , marvin, , asm/escapestring.inc:11
ESC_T                           = $0009 ; const, local, , marvin, , asm/escapestring.inc:9
MARVIN                          = $0082 ; addr, public, , marvin, , asm/marvin.asm:26
MARVINORG                       = $0000 ; const, local, , boot_beanzee, , asm/boot_beanzee.asm:0
MODULAR                         = $0001 ; const, local, , marvin, , asm/marvin.asm:0
MODULAR                         = $0001 ; const, local, , strings, , asm/strings.asm:0
PROMPT                          = $008B ; addr, public, , marvin, , asm/marvin.asm:33
RAMSTART                        = $8000 ; const, local, , marvin, , asm/main.inc:5
STACK                           = $FFFF ; const, local, , boot_beanzee, , asm/main.inc:14
UM245R_CTRL                     = $0000 ; const, local, , UM245R, , asm/main.inc:16
UM245R_DATA                     = $0001 ; const, local, , UM245R, , asm/main.inc:17
WARMSTART2                      = $0020 ; addr, local, , boot_beanzee, , asm/boot_beanzee.asm:12
WARMSTART                       = $0010 ; addr, local, , boot_beanzee, , asm/boot_beanzee.asm:9
WELCOME_MSG                     = $01D7 ; addr, public, , messages, , asm/messages.asm:5
__head                          = $0000 ; const, public, def, , ,
__size                          = $0272 ; const, public, def, , ,
__tail                          = $0272 ; const, public, def, , ,
_cmd_exec_df                    = $0149 ; addr, local, , marvin, , asm/marvin.asm:224
_cmd_execute                    = $0138 ; addr, local, , marvin, , asm/marvin.asm:205
_cmd_load                       = $014D ; addr, local, , marvin, , asm/marvin.asm:232
_cmd_load_data                  = $016C ; addr, local, , marvin, , asm/marvin.asm:260
_cmd_load_end                   = $0179 ; addr, local, , marvin, , asm/marvin.asm:279
_cmd_read                       = $00DD ; addr, local, , marvin, , asm/marvin.asm:112
_cmd_read_byte                  = $00FE ; addr, local, , marvin, , asm/marvin.asm:141
_cmd_read_row                   = $00EA ; addr, local, , marvin, , asm/marvin.asm:127
_cmd_write                      = $0113 ; addr, local, , marvin, , asm/marvin.asm:164
_cmd_write_data                 = $0120 ; addr, local, , marvin, , asm/marvin.asm:179
_cmd_write_end                  = $012C ; addr, local, , marvin, , asm/marvin.asm:193
_cmd_write_null                 = $012F ; addr, local, , marvin, , asm/marvin.asm:196
_do_usb_put                     = $0062 ; addr, local, , UM245R, , asm/UM245R.asm:51
_get_cmd                        = $0093 ; addr, local, , marvin, , asm/marvin.asm:39
_get_cmd_end                    = $00B8 ; addr, local, , marvin, , asm/marvin.asm:77
_get_cmd_esc                    = $00B1 ; addr, local, , marvin, , asm/marvin.asm:71
_hex_byte_val_zero              = $019B ; addr, local, , strings, , asm/strings.asm:47
_hex_val_n                      = $01AD ; addr, local, , strings, , asm/strings.asm:71
_hex_val_u_n                    = $01A6 ; addr, local, , strings, , asm/strings.asm:63
_putchar_hex_dgt                = $01C7 ; addr, local, , strings, , asm/strings.asm:98
_putchar_hex_n                  = $01D1 ; addr, local, , strings, , asm/strings.asm:108
_puts_end                       = $0044 ; addr, local, , console_usb, , asm/console_usb.asm:46
_puts_loop                      = $0038 ; addr, local, , console_usb, , asm/console_usb.asm:33
_usb_no_char                    = $0054 ; addr, local, , UM245R, , asm/UM245R.asm:39
_usb_put                        = $0066 ; addr, local, , UM245R, , asm/UM245R.asm:56
_usb_put_loop                   = $0068 ; addr, local, , UM245R, , asm/UM245R.asm:60
_usb_puts_end                   = $0080 ; addr, local, , UM245R, , asm/UM245R.asm:90
_usb_puts_loop                  = $0074 ; addr, local, , UM245R, , asm/UM245R.asm:77
getchar                         = $0023 ; addr, public, , console_usb, , asm/console_usb.asm:10
hex_byte_val                    = $017C ; addr, public, , strings, , asm/strings.asm:11
hex_val                         = $019F ; addr, local, , strings, , asm/strings.asm:55
putchar                         = $002F ; addr, public, , console_usb, , asm/console_usb.asm:22
putchar_hex                     = $01B0 ; addr, public, , strings, , asm/strings.asm:77
puts                            = $0037 ; addr, public, , console_usb, , asm/console_usb.asm:31
readchar                        = $002B ; addr, public, , console_usb, , asm/console_usb.asm:17
usb_putchar                     = $0057 ; addr, public, , UM245R, , asm/UM245R.asm:43
usb_puts                        = $0073 ; addr, public, , UM245R, , asm/UM245R.asm:75
usb_readchar                    = $0046 ; addr, public, , UM245R, , asm/UM245R.asm:23
