BAD_CMD_MSG                     = $0257 ; addr, public, , messages, , messages.asm:11
CMD_BUFFER                      = $F020 ; const, local, , monitor, , ../asm/system.inc:12
CMD_W_NULL_MSG                  = $026F ; addr, public, , messages, , messages.asm:14
ESC_E                           = $001B ; const, local, , monitor, , ../asm/escape.inc:12
ESC_N                           = $000A ; const, local, , monitor, , ../asm/escape.inc:10
ESC_N                           = $000A ; const, local, , um245r, , ../asm/escape.inc:10
ESC_R                           = $000D ; const, local, , monitor, , ../asm/escape.inc:11
ESC_R                           = $000D ; const, local, , um245r, , ../asm/escape.inc:11
ESC_T                           = $0009 ; const, local, , monitor, , ../asm/escape.inc:9
MARVIN                          = $0091 ; addr, public, , monitor, , monitor.asm:24
MARVINORG                       = $0000 ; const, local, , marvin_beanzee, , marvin_beanzee.asm:0
PROMPT                          = $009A ; addr, public, , monitor, , monitor.asm:31
RAMSTART                        = $8000 ; const, local, , monitor, , ../asm/system.inc:5
STACK                           = $FFFF ; const, local, , marvin_beanzee, , ../asm/system.inc:14
UM245R_CTRL                     = $0000 ; const, local, , um245r, , ../asm/system.inc:16
UM245R_DATA                     = $0001 ; const, local, , um245r, , ../asm/system.inc:17
WELCOME_MSG                     = $01E6 ; addr, public, , messages, , messages.asm:5
__head                          = $0000 ; const, public, def, , ,
__size                          = $0281 ; const, public, def, , ,
__tail                          = $0281 ; const, public, def, , ,
_cmd_exec_df                    = $0158 ; addr, local, , monitor, , monitor.asm:222
_cmd_execute                    = $0147 ; addr, local, , monitor, , monitor.asm:203
_cmd_load                       = $015C ; addr, local, , monitor, , monitor.asm:230
_cmd_load_data                  = $017B ; addr, local, , monitor, , monitor.asm:258
_cmd_load_end                   = $0188 ; addr, local, , monitor, , monitor.asm:277
_cmd_read                       = $00EC ; addr, local, , monitor, , monitor.asm:110
_cmd_read_byte                  = $010D ; addr, local, , monitor, , monitor.asm:139
_cmd_read_row                   = $00F9 ; addr, local, , monitor, , monitor.asm:125
_cmd_write                      = $0122 ; addr, local, , monitor, , monitor.asm:162
_cmd_write_data                 = $012F ; addr, local, , monitor, , monitor.asm:177
_cmd_write_end                  = $013B ; addr, local, , monitor, , monitor.asm:191
_cmd_write_null                 = $013E ; addr, local, , monitor, , monitor.asm:194
_do_usb_put                     = $0071 ; addr, local, , um245r, , um245r.asm:51
_get_cmd                        = $00A2 ; addr, local, , monitor, , monitor.asm:37
_get_cmd_end                    = $00C7 ; addr, local, , monitor, , monitor.asm:75
_get_cmd_esc                    = $00C0 ; addr, local, , monitor, , monitor.asm:69
_hex_byte_val_zero              = $01AA ; addr, local, , hex, , hex.asm:45
_hex_val_n                      = $01BC ; addr, local, , hex, , hex.asm:69
_hex_val_u_n                    = $01B5 ; addr, local, , hex, , hex.asm:61
_putchar_hex_dgt                = $01D6 ; addr, local, , hex, , hex.asm:96
_putchar_hex_n                  = $01E0 ; addr, local, , hex, , hex.asm:106
_puts_end                       = $0053 ; addr, local, , console_usb, , console_usb.asm:46
_puts_loop                      = $0047 ; addr, local, , console_usb, , console_usb.asm:33
_stub                           = $0031 ; addr, local, , marvin_beanzee, , marvin_beanzee.asm:28
_usb_no_char                    = $0063 ; addr, local, , um245r, , um245r.asm:39
_usb_put                        = $0075 ; addr, local, , um245r, , um245r.asm:56
_usb_put_loop                   = $0077 ; addr, local, , um245r, , um245r.asm:60
_usb_puts_end                   = $008F ; addr, local, , um245r, , um245r.asm:90
_usb_puts_loop                  = $0083 ; addr, local, , um245r, , um245r.asm:77
getchar                         = $0032 ; addr, public, , console_usb, , console_usb.asm:10
hex_byte_val                    = $018B ; addr, public, , hex, , hex.asm:9
hex_val                         = $01AE ; addr, local, , hex, , hex.asm:53
putchar                         = $003E ; addr, public, , console_usb, , console_usb.asm:22
putchar_hex                     = $01BF ; addr, public, , hex, , hex.asm:75
puts                            = $0046 ; addr, public, , console_usb, , console_usb.asm:31
readchar                        = $003A ; addr, public, , console_usb, , console_usb.asm:17
usb_putchar                     = $0066 ; addr, public, , um245r, , um245r.asm:43
usb_puts                        = $0082 ; addr, public, , um245r, , um245r.asm:75
usb_readchar                    = $0055 ; addr, public, , um245r, , um245r.asm:23
