BAD_CMD_MSG                     = $03ED ; addr, public, , messages_small, , messages_small.asm:11
CMD_BUFFER                      = $F020 ; const, local, , monitor, , ../asm/system.inc:12
CMD_W_NULL_MSG                  = $03FA ; addr, public, , messages_small, , messages_small.asm:14
CONSOLE_STATUS                  = $F000 ; const, local, , beanboard_init, , ../asm/system.inc:8
CONSOLE_STATUS                  = $F000 ; const, local, , console_beanboard, , ../asm/system.inc:8
CONSOLE_STATUS_BEANBOARD        = $0002 ; const, local, , beanboard_init, , ../asm/system.inc:26
CONSOLE_STATUS_BEANBOARD        = $0002 ; const, local, , console_beanboard, , ../asm/system.inc:26
CONSOLE_STATUS_USB              = $0001 ; const, local, , beanboard_init, , ../asm/system.inc:25
CONSOLE_STATUS_USB              = $0001 ; const, local, , console_beanboard, , ../asm/system.inc:25
DEBOUNCE_DELAY                  = $4000 ; const, local, , keymatrix, , keymatrix.asm:8
ESC_B                           = $0008 ; const, local, , keymatrix, , ../asm/escape.inc:8
ESC_E                           = $001B ; const, local, , keymatrix, , ../asm/escape.inc:12
ESC_E                           = $001B ; const, local, , monitor, , ../asm/escape.inc:12
ESC_N                           = $000A ; const, local, , hd44780, , ../asm/escape.inc:10
ESC_N                           = $000A ; const, local, , keymatrix, , ../asm/escape.inc:10
ESC_N                           = $000A ; const, local, , monitor, , ../asm/escape.inc:10
ESC_N                           = $000A ; const, local, , um245r, , ../asm/escape.inc:10
ESC_R                           = $000D ; const, local, , monitor, , ../asm/escape.inc:11
ESC_R                           = $000D ; const, local, , um245r, , ../asm/escape.inc:11
ESC_T                           = $0009 ; const, local, , keymatrix, , ../asm/escape.inc:9
ESC_T                           = $0009 ; const, local, , monitor, , ../asm/escape.inc:9
KEYSCAN_IN                      = $0003 ; const, local, , keymatrix, , ../asm/system.inc:19
KEYSCAN_OUT                     = $0002 ; const, local, , keymatrix, , ../asm/system.inc:18
KEY_MATRIX_BUFFER               = $F010 ; const, local, , keymatrix, , ../asm/system.inc:10
LCD_BLINK_ON                    = $0001 ; const, local, , hd44780, , ../asm/hd44780.inc:25
LCD_CLEAR_DISPLAY               = $0001 ; const, local, , hd44780, , ../asm/hd44780.inc:5
LCD_CTRL                        = $0004 ; const, local, , hd44780, , ../asm/system.inc:20
LCD_CURSOR_ON                   = $0002 ; const, local, , hd44780, , ../asm/hd44780.inc:23
LCD_DATA                        = $0005 ; const, local, , hd44780, , ../asm/system.inc:21
LCD_DATA_LEN_8                  = $0010 ; const, local, , hd44780, , ../asm/hd44780.inc:35
LCD_DISPLAY_ON                  = $0004 ; const, local, , hd44780, , ../asm/hd44780.inc:21
LCD_DISPLAY_ON_OFF_CONTROL      = $0008 ; const, local, , hd44780, , ../asm/hd44780.inc:8
LCD_DISP_LINES_2                = $0008 ; const, local, , hd44780, , ../asm/hd44780.inc:37
LCD_EOL_3                       = $0067 ; const, local, , hd44780, , ../asm/hd44780.inc:54
LCD_FONT_8                      = $0000 ; const, local, , hd44780, , ../asm/hd44780.inc:40
LCD_FUNCTION_SET                = $0020 ; const, local, , hd44780, , ../asm/hd44780.inc:10
LCD_LINE_0_ADDR                 = $0000 ; const, local, , hd44780, , ../asm/hd44780.inc:47
LCD_LINE_1_ADDR                 = $0040 ; const, local, , hd44780, , ../asm/hd44780.inc:48
LCD_LINE_2_ADDR                 = $0014 ; const, local, , hd44780, , ../asm/hd44780.inc:49
LCD_LINE_3_ADDR                 = $0054 ; const, local, , hd44780, , ../asm/hd44780.inc:50
LCD_LINE_LEN                    = $0014 ; const, local, , hd44780, , ../asm/hd44780.inc:42
LCD_NUM_LINES                   = $0004 ; const, local, , hd44780, , ../asm/hd44780.inc:43
LCD_SET_DDRAM_ADDR              = $0080 ; const, local, , hd44780, , ../asm/hd44780.inc:12
MARVIN                          = $00C6 ; addr, public, , monitor, , monitor.asm:24
MARVINORG                       = $0000 ; const, local, , marvin_beanboard, , marvin_beanboard.asm:0
MOD_KEY_SHIFT                   = $0001 ; const, public, , keymatrix, , keymatrix.asm:10
PROMPT                          = $00CF ; addr, public, , monitor, , monitor.asm:31
QUOTE                           = $0027 ; const, local, , keymatrix, , ../asm/escape.inc:14
QWERTY_ALT                      = $0000 ; const, local, , keymatrix, , keymatrix.asm:158
QWERTY_CAPS                     = $0005 ; const, local, , keymatrix, , keymatrix.asm:164
QWERTY_CMD                      = $0000 ; const, local, , keymatrix, , keymatrix.asm:159
QWERTY_CTRL                     = $0000 ; const, local, , keymatrix, , keymatrix.asm:157
QWERTY_CURS_DOWN                = $0002 ; const, local, , keymatrix, , keymatrix.asm:161
QWERTY_CURS_LEFT                = $0003 ; const, local, , keymatrix, , keymatrix.asm:162
QWERTY_CURS_RIGHT               = $0004 ; const, local, , keymatrix, , keymatrix.asm:163
QWERTY_CURS_UP                  = $0001 ; const, local, , keymatrix, , keymatrix.asm:160
QWERTY_FN                       = $0000 ; const, local, , keymatrix, , keymatrix.asm:156
QWERTY_KEYMAP_L                 = $0344 ; addr, local, , keymatrix, , keymatrix.asm:166
QWERTY_KEYMAP_U                 = $0384 ; addr, local, , keymatrix, , keymatrix.asm:171
QWERTY_SHIFT                    = $0000 ; const, local, , keymatrix, , keymatrix.asm:155
RAMSTART                        = $8000 ; const, local, , monitor, , ../asm/system.inc:5
SLASH                           = $005C ; const, local, , keymatrix, , ../asm/escape.inc:13
STACK                           = $FFFF ; const, local, , marvin_beanboard, , ../asm/system.inc:14
UM245R_CTRL                     = $0000 ; const, local, , um245r, , ../asm/system.inc:16
UM245R_DATA                     = $0001 ; const, local, , um245r, , ../asm/system.inc:17
WARMSTART2                      = $0020 ; addr, local, , marvin_beanboard, , marvin_beanboard.asm:16
WARMSTART                       = $0010 ; addr, local, , marvin_beanboard, , marvin_beanboard.asm:13
WELCOME_MSG                     = $03C4 ; addr, public, , messages_small, , messages_small.asm:5
__head                          = $0000 ; const, public, def, , ,
__size                          = $0403 ; const, public, def, , ,
__tail                          = $0403 ; const, public, def, , ,
_beanboard_console_init_usb     = $0083 ; addr, local, , beanboard_init, , beanboard_init.asm:21
_cmd_exec_df                    = $018D ; addr, local, , monitor, , monitor.asm:222
_cmd_execute                    = $017C ; addr, local, , monitor, , monitor.asm:203
_cmd_load                       = $0191 ; addr, local, , monitor, , monitor.asm:230
_cmd_load_data                  = $01B0 ; addr, local, , monitor, , monitor.asm:258
_cmd_load_end                   = $01BD ; addr, local, , monitor, , monitor.asm:277
_cmd_read                       = $0121 ; addr, local, , monitor, , monitor.asm:110
_cmd_read_byte                  = $0142 ; addr, local, , monitor, , monitor.asm:139
_cmd_read_row                   = $012E ; addr, local, , monitor, , monitor.asm:125
_cmd_write                      = $0157 ; addr, local, , monitor, , monitor.asm:162
_cmd_write_data                 = $0164 ; addr, local, , monitor, , monitor.asm:177
_cmd_write_end                  = $0170 ; addr, local, , monitor, , monitor.asm:191
_cmd_write_null                 = $0173 ; addr, local, , monitor, , monitor.asm:194
_colscan                        = $032F ; addr, local, , keymatrix, , keymatrix.asm:121
_colscanend                     = $0342 ; addr, local, , keymatrix, , keymatrix.asm:148
_colscanloop                    = $0333 ; addr, local, , keymatrix, , keymatrix.asm:128
_colscanloopnext                = $033C ; addr, local, , keymatrix, , keymatrix.asm:139
_debounce_delay                 = $0303 ; addr, local, , keymatrix, , keymatrix.asm:58
_delay_end                      = $030F ; addr, local, , keymatrix, , keymatrix.asm:68
_delay_loop                     = $0308 ; addr, local, , keymatrix, , keymatrix.asm:62
_do_usb_put                     = $00A6 ; addr, local, , um245r, , um245r.asm:51
_get_cmd                        = $00D7 ; addr, local, , monitor, , monitor.asm:37
_get_cmd_end                    = $00FC ; addr, local, , monitor, , monitor.asm:75
_get_cmd_esc                    = $00F5 ; addr, local, , monitor, , monitor.asm:69
_hex_byte_val_zero              = $01DF ; addr, local, , hex, , hex.asm:45
_hex_val_n                      = $01F1 ; addr, local, , hex, , hex.asm:69
_hex_val_u_n                    = $01EA ; addr, local, , hex, , hex.asm:61
_keyscanloop                    = $02EA ; addr, local, , keymatrix, , keymatrix.asm:34
_lcd_putchar_end                = $026C ; addr, local, , hd44780, , hd44780.asm:82
_lcd_putchar_eol3               = $0264 ; addr, local, , hd44780, , hd44780.asm:76
_lcd_putchar_pad                = $024D ; addr, local, , hd44780, , hd44780.asm:63
_lcd_putchar_printable          = $0259 ; addr, local, , hd44780, , hd44780.asm:70
_lcd_putcmd_loop                = $0234 ; addr, local, , hd44780, , hd44780.asm:31
_lcd_putdata                    = $026D ; addr, local, , hd44780, , hd44780.asm:87
_lcd_putdata_loop               = $026F ; addr, local, , hd44780, , hd44780.asm:91
_lcd_puts_end                   = $02D0 ; addr, local, , hd44780, , hd44780.asm:182
_lcd_puts_loop                  = $02C4 ; addr, local, , hd44780, , hd44780.asm:169
_lcd_scroll_clear_line          = $02B6 ; addr, local, , hd44780, , hd44780.asm:155
_lcd_scroll_clear_line_loop     = $02BB ; addr, local, , hd44780, , hd44780.asm:160
_lcd_scroll_line                = $029D ; addr, local, , hd44780, , hd44780.asm:126
_lcd_scroll_line_loop           = $029F ; addr, local, , hd44780, , hd44780.asm:132
_modifier_shift                 = $032C ; addr, local, , keymatrix, , keymatrix.asm:114
_putchar_beanboard              = $0057 ; addr, local, , console_beanboard, , console_beanboard.asm:53
_putchar_end                    = $0061 ; addr, local, , console_beanboard, , console_beanboard.asm:60
_putchar_hex_dgt                = $020B ; addr, local, , hex, , hex.asm:96
_putchar_hex_n                  = $0215 ; addr, local, , hex, , hex.asm:106
_putchar_usb                    = $005D ; addr, local, , console_beanboard, , console_beanboard.asm:57
_puts_end                       = $0072 ; addr, local, , console_beanboard, , console_beanboard.asm:82
_puts_loop                      = $0066 ; addr, local, , console_beanboard, , console_beanboard.asm:69
_readchar_beanboard             = $003B ; addr, local, , console_beanboard, , console_beanboard.asm:31
_readchar_end                   = $0043 ; addr, local, , console_beanboard, , console_beanboard.asm:36
_readchar_usb                   = $0040 ; addr, local, , console_beanboard, , console_beanboard.asm:34
_rowscan                        = $0312 ; addr, local, , keymatrix, , keymatrix.asm:78
_usb_no_char                    = $0098 ; addr, local, , um245r, , um245r.asm:39
_usb_put                        = $00AA ; addr, local, , um245r, , um245r.asm:56
_usb_put_loop                   = $00AC ; addr, local, , um245r, , um245r.asm:60
_usb_puts_end                   = $00C4 ; addr, local, , um245r, , um245r.asm:90
_usb_puts_loop                  = $00B8 ; addr, local, , um245r, , um245r.asm:77
beanboard_console_init          = $0074 ; addr, public, , beanboard_init, , beanboard_init.asm:9
getchar                         = $0023 ; addr, public, , console_beanboard, , console_beanboard.asm:14
hex_byte_val                    = $01C0 ; addr, public, , hex, , hex.asm:9
hex_val                         = $01E3 ; addr, local, , hex, , hex.asm:53
key_readchar                    = $02D2 ; addr, public, , keymatrix, , keymatrix.asm:17
key_readchar_end                = $02FC ; addr, local, , keymatrix, , keymatrix.asm:50
lcd_getchar                     = $023F ; addr, local, , hd44780, , hd44780.asm:46
lcd_init                        = $021B ; addr, public, , hd44780, , hd44780.asm:9
lcd_putchar                     = $0248 ; addr, public, , hd44780, , hd44780.asm:58
lcd_putcmd                      = $0232 ; addr, local, , hd44780, , hd44780.asm:27
lcd_puts                        = $02C3 ; addr, local, , hd44780, , hd44780.asm:167
lcd_scroll                      = $027E ; addr, local, , hd44780, , hd44780.asm:109
modifierkeys                    = $031F ; addr, public, , keymatrix, , keymatrix.asm:102
putchar                         = $0045 ; addr, public, , console_beanboard, , console_beanboard.asm:41
putchar_hex                     = $01F4 ; addr, public, , hex, , hex.asm:75
puts                            = $0065 ; addr, public, , console_beanboard, , console_beanboard.asm:67
readchar                        = $002B ; addr, public, , console_beanboard, , console_beanboard.asm:21
usb_putchar                     = $009B ; addr, public, , um245r, , um245r.asm:43
usb_puts                        = $00B7 ; addr, public, , um245r, , um245r.asm:75
usb_readchar                    = $008A ; addr, public, , um245r, , um245r.asm:23
